2026-08-18 09:08:04,420 INFO o.a.j.u.JMeterUtils: Setting Locale to en_EN
2026-08-18 09:08:04,439 INFO o.a.j.JMeter: Loading user properties from: C:\Users\nguye\Documents\GitHub\HW05-23127116\.tools\apache-jmeter-5.6.3\bin\user.properties
2026-08-18 09:08:04,440 INFO o.a.j.JMeter: Loading system properties from: C:\Users\nguye\Documents\GitHub\HW05-23127116\.tools\apache-jmeter-5.6.3\bin\system.properties
2026-08-18 09:08:04,440 INFO o.a.j.JMeter: Setting JMeter property: host=localhost
2026-08-18 09:08:04,441 INFO o.a.j.JMeter: Setting JMeter property: port=3000
2026-08-18 09:08:04,441 INFO o.a.j.JMeter: Setting JMeter property: data_dir=data
2026-08-18 09:08:04,441 INFO o.a.j.JMeter: Setting JMeter property: load_threads=50
2026-08-18 09:08:04,441 INFO o.a.j.JMeter: Setting JMeter property: load_ramp=5
2026-08-18 09:08:04,441 INFO o.a.j.JMeter: Setting JMeter property: load_duration=30
2026-08-18 09:08:04,441 INFO o.a.j.JMeter: Setting JMeter property: load_think_min_ms=0
2026-08-18 09:08:04,441 INFO o.a.j.JMeter: Setting JMeter property: load_think_range_ms=0
2026-08-18 09:08:04,450 INFO o.a.j.JMeter: Copyright (c) 1998-2024 The Apache Software Foundation
2026-08-18 09:08:04,450 INFO o.a.j.JMeter: Version 5.6.3
2026-08-18 09:08:04,450 INFO o.a.j.JMeter: java.version=17.0.19
2026-08-18 09:08:04,450 INFO o.a.j.JMeter: java.vm.name=OpenJDK 64-Bit Server VM
2026-08-18 09:08:04,450 INFO o.a.j.JMeter: os.name=Windows 11
2026-08-18 09:08:04,450 INFO o.a.j.JMeter: os.arch=amd64
2026-08-18 09:08:04,450 INFO o.a.j.JMeter: os.version=10.0
2026-08-18 09:08:04,450 INFO o.a.j.JMeter: file.encoding=Cp1258
2026-08-18 09:08:04,450 INFO o.a.j.JMeter: java.awt.headless=true
2026-08-18 09:08:04,451 INFO o.a.j.JMeter: Max memory     =1073741824
2026-08-18 09:08:04,451 INFO o.a.j.JMeter: Available Processors =12
2026-08-18 09:08:04,460 INFO o.a.j.JMeter: Default Locale=English (EN)
2026-08-18 09:08:04,461 INFO o.a.j.JMeter: JMeter  Locale=English (EN)
2026-08-18 09:08:04,461 INFO o.a.j.JMeter: JMeterHome=C:\Users\nguye\Documents\GitHub\HW05-23127116\.tools\apache-jmeter-5.6.3
2026-08-18 09:08:04,461 INFO o.a.j.JMeter: user.dir  =C:\Users\nguye\Documents\GitHub\Homework05-23127116
2026-08-18 09:08:04,461 INFO o.a.j.JMeter: PWD       =C:\Users\nguye\Documents\GitHub\Homework05-23127116
2026-08-18 09:08:04,462 INFO o.a.j.JMeter: IP: 172.30.48.1 Name: LAPTOP-BKI58MTI FullName: LAPTOP-BKI58MTI.mshome.net
2026-08-18 09:08:04,482 INFO o.a.j.s.FileServer: Default base='C:\Users\nguye\Documents\GitHub\Homework05-23127116'
2026-08-18 09:08:04,485 INFO o.a.j.s.FileServer: Set new base='C:\Users\nguye\Documents\GitHub\Homework05-23127116\test-plans'
2026-08-18 09:08:04,672 INFO o.a.j.s.SaveService: Testplan (JMX) version: 2.2. Testlog (JTL) version: 2.2
2026-08-18 09:08:04,696 INFO o.a.j.s.SaveService: Using SaveService properties version 5.0
2026-08-18 09:08:04,698 INFO o.a.j.s.SaveService: Using SaveService properties file encoding UTF-8
2026-08-18 09:08:04,700 INFO o.a.j.s.SaveService: Loading file: C:\Users\nguye\Documents\GitHub\Homework05-23127116\test-plans\23127116_Load_20260818.jmx
2026-08-18 09:08:04,756 INFO o.a.j.p.h.s.HTTPSamplerBase: Parser for text/html is org.apache.jmeter.protocol.http.parser.LagartoBasedHtmlParser
2026-08-18 09:08:04,756 INFO o.a.j.p.h.s.HTTPSamplerBase: Parser for application/xhtml+xml is org.apache.jmeter.protocol.http.parser.LagartoBasedHtmlParser
2026-08-18 09:08:04,756 INFO o.a.j.p.h.s.HTTPSamplerBase: Parser for application/xml is org.apache.jmeter.protocol.http.parser.LagartoBasedHtmlParser
2026-08-18 09:08:04,756 INFO o.a.j.p.h.s.HTTPSamplerBase: Parser for text/xml is org.apache.jmeter.protocol.http.parser.LagartoBasedHtmlParser
2026-08-18 09:08:04,756 INFO o.a.j.p.h.s.HTTPSamplerBase: Parser for text/vnd.wap.wml is org.apache.jmeter.protocol.http.parser.RegexpHTMLParser
2026-08-18 09:08:04,756 INFO o.a.j.p.h.s.HTTPSamplerBase: Parser for text/css is org.apache.jmeter.protocol.http.parser.CssParser
2026-08-18 09:08:04,782 INFO o.a.j.JMeter: Creating summariser <summary>
2026-08-18 09:08:04,795 INFO o.a.j.e.StandardJMeterEngine: Running the test!
2026-08-18 09:08:04,795 INFO o.a.j.s.SampleEvent: List of sample_variables: []
2026-08-18 09:08:04,795 INFO o.a.j.s.SampleEvent: List of sample_variables: []
2026-08-18 09:08:04,800 INFO o.a.j.e.u.CompoundVariable: Note: Function class names must contain the string: '.functions.'
2026-08-18 09:08:04,800 INFO o.a.j.e.u.CompoundVariable: Note: Function class names must not contain the string: '.gui.'
2026-08-18 09:08:04,877 INFO o.a.j.JMeter: Running test (1787018884877)
2026-08-18 09:08:04,899 INFO o.a.j.e.StandardJMeterEngine: Starting ThreadGroup: 1 : Load - Product search
2026-08-18 09:08:04,899 INFO o.a.j.e.StandardJMeterEngine: Starting 50 threads for group Load - Product search.
2026-08-18 09:08:04,899 INFO o.a.j.e.StandardJMeterEngine: Thread will continue on error
2026-08-18 09:08:04,899 INFO o.a.j.t.ThreadGroup: Starting thread group... number=1 threads=50 ramp-up=5 delayedStart=false
2026-08-18 09:08:04,935 INFO o.a.j.t.ThreadGroup: Started thread group number 1
2026-08-18 09:08:04,935 INFO o.a.j.e.StandardJMeterEngine: All thread groups have been started
2026-08-18 09:08:04,994 INFO o.a.j.t.JMeterThread: Thread started: Load - Product search 1-1
2026-08-18 09:08:04,998 INFO o.a.j.s.FileServer: Stored: data/products.csv
2026-08-18 09:08:05,032 INFO o.a.j.p.h.s.HTTPHCAbstractImpl: Local host = LAPTOP-BKI58MTI
2026-08-18 09:08:05,036 INFO o.a.j.p.h.s.HTTPHC4Impl: HTTP request retry count = 0
2026-08-18 09:08:05,038 INFO o.a.j.s.SampleResult: Note: Sample TimeStamps are START times
2026-08-18 09:08:05,038 INFO o.a.j.s.SampleResult: sampleresult.default.encoding is set to UTF-8
2026-08-18 09:08:05,038 INFO o.a.j.s.SampleResult: sampleresult.useNanoTime=true
2026-08-18 09:08:05,038 INFO o.a.j.s.SampleResult: sampleresult.nanoThreadSleep=5000
2026-08-18 09:08:05,090 INFO o.a.j.t.JMeterThread: Thread started: Load - Product search 1-2
2026-08-18 09:08:05,148 INFO o.a.j.r.Summariser: summary +      1 in 00:00:00 =    3.7/s Avg:    43 Min:    43 Max:    43 Err:     0 (0.00%) Active: 2 Started: 2 Finished: 0
2026-08-18 09:08:05,192 INFO o.a.j.t.JMeterThread: Thread started: Load - Product search 1-3
2026-08-18 09:08:05,288 INFO o.a.j.t.JMeterThread: Thread started: Load - Product search 1-4
2026-08-18 09:08:05,389 INFO o.a.j.t.JMeterThread: Thread started: Load - Product search 1-5
2026-08-18 09:08:05,488 INFO o.a.j.t.JMeterThread: Thread started: Load - Product search 1-6
2026-08-18 09:08:05,585 INFO o.a.j.t.JMeterThread: Thread started: Load - Product search 1-7
2026-08-18 09:08:05,687 INFO o.a.j.t.JMeterThread: Thread started: Load - Product search 1-8
2026-08-18 09:08:05,784 INFO o.a.j.t.JMeterThread: Thread started: Load - Product search 1-9
2026-08-18 09:08:05,887 INFO o.a.j.t.JMeterThread: Thread started: Load - Product search 1-10
2026-08-18 09:08:05,983 INFO o.a.j.t.JMeterThread: Thread started: Load - Product search 1-11
2026-08-18 09:08:06,083 INFO o.a.j.t.JMeterThread: Thread started: Load - Product search 1-12
2026-08-18 09:08:06,182 INFO o.a.j.t.JMeterThread: Thread started: Load - Product search 1-13
2026-08-18 09:08:06,281 INFO o.a.j.t.JMeterThread: Thread started: Load - Product search 1-14
2026-08-18 09:08:06,377 INFO o.a.j.t.JMeterThread: Thread started: Load - Product search 1-15
2026-08-18 09:08:06,476 INFO o.a.j.t.JMeterThread: Thread started: Load - Product search 1-16
2026-08-18 09:08:06,575 INFO o.a.j.t.JMeterThread: Thread started: Load - Product search 1-17
2026-08-18 09:08:06,674 INFO o.a.j.t.JMeterThread: Thread started: Load - Product search 1-18
2026-08-18 09:08:06,775 INFO o.a.j.t.JMeterThread: Thread started: Load - Product search 1-19
2026-08-18 09:08:06,874 INFO o.a.j.t.JMeterThread: Thread started: Load - Product search 1-20
2026-08-18 09:08:06,973 INFO o.a.j.t.JMeterThread: Thread started: Load - Product search 1-21
2026-08-18 09:08:07,074 INFO o.a.j.t.JMeterThread: Thread started: Load - Product search 1-22
2026-08-18 09:08:07,175 INFO o.a.j.t.JMeterThread: Thread started: Load - Product search 1-23
2026-08-18 09:08:07,274 INFO o.a.j.t.JMeterThread: Thread started: Load - Product search 1-24
2026-08-18 09:08:07,374 INFO o.a.j.t.JMeterThread: Thread started: Load - Product search 1-25
2026-08-18 09:08:07,473 INFO o.a.j.t.JMeterThread: Thread started: Load - Product search 1-26
2026-08-18 09:08:07,570 INFO o.a.j.t.JMeterThread: Thread started: Load - Product search 1-27
2026-08-18 09:08:07,669 INFO o.a.j.t.JMeterThread: Thread started: Load - Product search 1-28
2026-08-18 09:08:07,771 INFO o.a.j.t.JMeterThread: Thread started: Load - Product search 1-29
2026-08-18 09:08:07,871 INFO o.a.j.t.JMeterThread: Thread started: Load - Product search 1-30
2026-08-18 09:08:07,968 INFO o.a.j.t.JMeterThread: Thread started: Load - Product search 1-31
2026-08-18 09:08:08,069 INFO o.a.j.t.JMeterThread: Thread started: Load - Product search 1-32
2026-08-18 09:08:08,168 INFO o.a.j.t.JMeterThread: Thread started: Load - Product search 1-33
2026-08-18 09:08:08,266 INFO o.a.j.t.JMeterThread: Thread started: Load - Product search 1-34
2026-08-18 09:08:08,365 INFO o.a.j.t.JMeterThread: Thread started: Load - Product search 1-35
2026-08-18 09:08:08,465 INFO o.a.j.t.JMeterThread: Thread started: Load - Product search 1-36
2026-08-18 09:08:08,566 INFO o.a.j.t.JMeterThread: Thread started: Load - Product search 1-37
2026-08-18 09:08:08,667 INFO o.a.j.t.JMeterThread: Thread started: Load - Product search 1-38
2026-08-18 09:08:08,768 INFO o.a.j.t.JMeterThread: Thread started: Load - Product search 1-39
2026-08-18 09:08:08,866 INFO o.a.j.t.JMeterThread: Thread started: Load - Product search 1-40
2026-08-18 09:08:08,965 INFO o.a.j.t.JMeterThread: Thread started: Load - Product search 1-41
2026-08-18 09:08:09,064 INFO o.a.j.t.JMeterThread: Thread started: Load - Product search 1-42
2026-08-18 09:08:09,163 INFO o.a.j.t.JMeterThread: Thread started: Load - Product search 1-43
2026-08-18 09:08:09,263 INFO o.a.j.t.JMeterThread: Thread started: Load - Product search 1-44
2026-08-18 09:08:09,363 INFO o.a.j.t.JMeterThread: Thread started: Load - Product search 1-45
2026-08-18 09:08:09,463 INFO o.a.j.t.JMeterThread: Thread started: Load - Product search 1-46
2026-08-18 09:08:09,562 INFO o.a.j.t.JMeterThread: Thread started: Load - Product search 1-47
2026-08-18 09:08:09,661 INFO o.a.j.t.JMeterThread: Thread started: Load - Product search 1-48
2026-08-18 09:08:09,759 INFO o.a.j.t.JMeterThread: Thread started: Load - Product search 1-49
2026-08-18 09:08:09,861 INFO o.a.j.t.JMeterThread: Thread started: Load - Product search 1-50
2026-08-18 09:08:30,004 INFO o.a.j.r.Summariser: summary +  61747 in 00:00:25 = 2484.2/s Avg:    18 Min:     1 Max:   107 Err:     0 (0.00%) Active: 50 Started: 50 Finished: 0
2026-08-18 09:08:30,005 INFO o.a.j.r.Summariser: summary =  61748 in 00:00:25 = 2457.4/s Avg:    18 Min:     1 Max:   107 Err:     0 (0.00%)
2026-08-18 09:08:34,904 INFO o.a.j.t.JMeterThread: Stopping because end time detected by thread: Load - Product search 1-1
2026-08-18 09:08:34,904 INFO o.a.j.t.JMeterThread: Thread finished: Load - Product search 1-1
2026-08-18 09:08:34,909 INFO o.a.j.t.JMeterThread: Stopping because end time detected by thread: Load - Product search 1-6
2026-08-18 09:08:34,909 INFO o.a.j.t.JMeterThread: Thread finished: Load - Product search 1-6
2026-08-18 09:08:34,909 INFO o.a.j.t.JMeterThread: Stopping because end time detected by thread: Load - Product search 1-2
2026-08-18 09:08:34,909 INFO o.a.j.t.JMeterThread: Thread finished: Load - Product search 1-2
2026-08-18 09:08:34,910 INFO o.a.j.t.JMeterThread: Stopping because end time detected by thread: Load - Product search 1-8
2026-08-18 09:08:34,910 INFO o.a.j.t.JMeterThread: Thread finished: Load - Product search 1-8
2026-08-18 09:08:34,911 INFO o.a.j.t.JMeterThread: Stopping because end time detected by thread: Load - Product search 1-12
2026-08-18 09:08:34,911 INFO o.a.j.t.JMeterThread: Thread finished: Load - Product search 1-12
2026-08-18 09:08:34,911 INFO o.a.j.t.JMeterThread: Stopping because end time detected by thread: Load - Product search 1-7
2026-08-18 09:08:34,911 INFO o.a.j.t.JMeterThread: Thread finished: Load - Product search 1-7
2026-08-18 09:08:34,916 INFO o.a.j.t.JMeterThread: Stopping because end time detected by thread: Load - Product search 1-4
2026-08-18 09:08:34,917 INFO o.a.j.t.JMeterThread: Thread finished: Load - Product search 1-4
2026-08-18 09:08:34,917 INFO o.a.j.t.JMeterThread: Stopping because end time detected by thread: Load - Product search 1-11
2026-08-18 09:08:34,917 INFO o.a.j.t.JMeterThread: Thread finished: Load - Product search 1-11
2026-08-18 09:08:34,917 INFO o.a.j.t.JMeterThread: Stopping because end time detected by thread: Load - Product search 1-10
2026-08-18 09:08:34,917 INFO o.a.j.t.JMeterThread: Thread finished: Load - Product search 1-10
2026-08-18 09:08:34,918 INFO o.a.j.t.JMeterThread: Stopping because end time detected by thread: Load - Product search 1-16
2026-08-18 09:08:34,918 INFO o.a.j.t.JMeterThread: Thread finished: Load - Product search 1-16
2026-08-18 09:08:34,919 INFO o.a.j.t.JMeterThread: Stopping because end time detected by thread: Load - Product search 1-5
2026-08-18 09:08:34,919 INFO o.a.j.t.JMeterThread: Thread finished: Load - Product search 1-5
2026-08-18 09:08:34,920 INFO o.a.j.t.JMeterThread: Stopping because end time detected by thread: Load - Product search 1-9
2026-08-18 09:08:34,920 INFO o.a.j.t.JMeterThread: Thread finished: Load - Product search 1-9
2026-08-18 09:08:34,920 INFO o.a.j.t.JMeterThread: Stopping because end time detected by thread: Load - Product search 1-14
2026-08-18 09:08:34,920 INFO o.a.j.t.JMeterThread: Thread finished: Load - Product search 1-14
2026-08-18 09:08:34,921 INFO o.a.j.t.JMeterThread: Stopping because end time detected by thread: Load - Product search 1-3
2026-08-18 09:08:34,921 INFO o.a.j.t.JMeterThread: Thread finished: Load - Product search 1-3
2026-08-18 09:08:34,921 INFO o.a.j.t.JMeterThread: Stopping because end time detected by thread: Load - Product search 1-19
2026-08-18 09:08:34,921 INFO o.a.j.t.JMeterThread: Thread finished: Load - Product search 1-19
2026-08-18 09:08:34,925 INFO o.a.j.t.JMeterThread: Stopping because end time detected by thread: Load - Product search 1-20
2026-08-18 09:08:34,926 INFO o.a.j.t.JMeterThread: Stopping because end time detected by thread: Load - Product search 1-25
2026-08-18 09:08:34,926 INFO o.a.j.t.JMeterThread: Thread finished: Load - Product search 1-25
2026-08-18 09:08:34,926 INFO o.a.j.t.JMeterThread: Thread finished: Load - Product search 1-20
2026-08-18 09:08:34,926 INFO o.a.j.t.JMeterThread: Stopping because end time detected by thread: Load - Product search 1-18
2026-08-18 09:08:34,926 INFO o.a.j.t.JMeterThread: Thread finished: Load - Product search 1-18
2026-08-18 09:08:34,926 INFO o.a.j.t.JMeterThread: Stopping because end time detected by thread: Load - Product search 1-13
2026-08-18 09:08:34,927 INFO o.a.j.t.JMeterThread: Stopping because end time detected by thread: Load - Product search 1-31
2026-08-18 09:08:34,927 INFO o.a.j.t.JMeterThread: Thread finished: Load - Product search 1-31
2026-08-18 09:08:34,927 INFO o.a.j.t.JMeterThread: Thread finished: Load - Product search 1-13
2026-08-18 09:08:34,928 INFO o.a.j.t.JMeterThread: Stopping because end time detected by thread: Load - Product search 1-29
2026-08-18 09:08:34,928 INFO o.a.j.t.JMeterThread: Thread finished: Load - Product search 1-29
2026-08-18 09:08:34,928 INFO o.a.j.t.JMeterThread: Stopping because end time detected by thread: Load - Product search 1-17
2026-08-18 09:08:34,928 INFO o.a.j.t.JMeterThread: Stopping because end time detected by thread: Load - Product search 1-33
2026-08-18 09:08:34,929 INFO o.a.j.t.JMeterThread: Thread finished: Load - Product search 1-17
2026-08-18 09:08:34,929 INFO o.a.j.t.JMeterThread: Thread finished: Load - Product search 1-33
2026-08-18 09:08:34,929 INFO o.a.j.t.JMeterThread: Stopping because end time detected by thread: Load - Product search 1-15
2026-08-18 09:08:34,929 INFO o.a.j.t.JMeterThread: Thread finished: Load - Product search 1-15
2026-08-18 09:08:34,932 INFO o.a.j.t.JMeterThread: Stopping because end time detected by thread: Load - Product search 1-41
2026-08-18 09:08:34,932 INFO o.a.j.t.JMeterThread: Thread finished: Load - Product search 1-41
2026-08-18 09:08:34,933 INFO o.a.j.t.JMeterThread: Stopping because end time detected by thread: Load - Product search 1-38
2026-08-18 09:08:34,933 INFO o.a.j.t.JMeterThread: Thread finished: Load - Product search 1-38
2026-08-18 09:08:34,933 INFO o.a.j.t.JMeterThread: Stopping because end time detected by thread: Load - Product search 1-30
2026-08-18 09:08:34,933 INFO o.a.j.t.JMeterThread: Thread finished: Load - Product search 1-30
2026-08-18 09:08:34,933 INFO o.a.j.t.JMeterThread: Stopping because end time detected by thread: Load - Product search 1-45
2026-08-18 09:08:34,933 INFO o.a.j.t.JMeterThread: Thread finished: Load - Product search 1-45
2026-08-18 09:08:34,934 INFO o.a.j.t.JMeterThread: Stopping because end time detected by thread: Load - Product search 1-43
2026-08-18 09:08:34,934 INFO o.a.j.t.JMeterThread: Stopping because end time detected by thread: Load - Product search 1-42
2026-08-18 09:08:34,934 INFO o.a.j.t.JMeterThread: Thread finished: Load - Product search 1-43
2026-08-18 09:08:34,934 INFO o.a.j.t.JMeterThread: Thread finished: Load - Product search 1-42
2026-08-18 09:08:34,934 INFO o.a.j.t.JMeterThread: Stopping because end time detected by thread: Load - Product search 1-37
2026-08-18 09:08:34,934 INFO o.a.j.t.JMeterThread: Thread finished: Load - Product search 1-37
2026-08-18 09:08:34,934 INFO o.a.j.t.JMeterThread: Stopping because end time detected by thread: Load - Product search 1-24
2026-08-18 09:08:34,934 INFO o.a.j.t.JMeterThread: Thread finished: Load - Product search 1-24
2026-08-18 09:08:34,934 INFO o.a.j.t.JMeterThread: Stopping because end time detected by thread: Load - Product search 1-28
2026-08-18 09:08:34,934 INFO o.a.j.t.JMeterThread: Thread finished: Load - Product search 1-28
2026-08-18 09:08:34,934 INFO o.a.j.t.JMeterThread: Stopping because end time detected by thread: Load - Product search 1-35
2026-08-18 09:08:34,934 INFO o.a.j.t.JMeterThread: Stopping because end time detected by thread: Load - Product search 1-23
2026-08-18 09:08:34,934 INFO o.a.j.t.JMeterThread: Thread finished: Load - Product search 1-35
2026-08-18 09:08:34,934 INFO o.a.j.t.JMeterThread: Thread finished: Load - Product search 1-23
2026-08-18 09:08:34,936 INFO o.a.j.t.JMeterThread: Stopping because end time detected by thread: Load - Product search 1-34
2026-08-18 09:08:34,936 INFO o.a.j.t.JMeterThread: Thread finished: Load - Product search 1-34
2026-08-18 09:08:34,936 INFO o.a.j.t.JMeterThread: Stopping because end time detected by thread: Load - Product search 1-36
2026-08-18 09:08:34,936 INFO o.a.j.t.JMeterThread: Thread finished: Load - Product search 1-36
2026-08-18 09:08:34,936 INFO o.a.j.t.JMeterThread: Stopping because end time detected by thread: Load - Product search 1-21
2026-08-18 09:08:34,936 INFO o.a.j.t.JMeterThread: Thread finished: Load - Product search 1-21
2026-08-18 09:08:34,936 INFO o.a.j.t.JMeterThread: Stopping because end time detected by thread: Load - Product search 1-27
2026-08-18 09:08:34,937 INFO o.a.j.t.JMeterThread: Thread finished: Load - Product search 1-27
2026-08-18 09:08:34,937 INFO o.a.j.t.JMeterThread: Stopping because end time detected by thread: Load - Product search 1-26
2026-08-18 09:08:34,937 INFO o.a.j.t.JMeterThread: Thread finished: Load - Product search 1-26
2026-08-18 09:08:34,937 INFO o.a.j.t.JMeterThread: Stopping because end time detected by thread: Load - Product search 1-22
2026-08-18 09:08:34,937 INFO o.a.j.t.JMeterThread: Thread finished: Load - Product search 1-22
2026-08-18 09:08:34,937 INFO o.a.j.t.JMeterThread: Stopping because end time detected by thread: Load - Product search 1-32
2026-08-18 09:08:34,938 INFO o.a.j.t.JMeterThread: Thread finished: Load - Product search 1-32
2026-08-18 09:08:34,940 INFO o.a.j.t.JMeterThread: Stopping because end time detected by thread: Load - Product search 1-49
2026-08-18 09:08:34,940 INFO o.a.j.t.JMeterThread: Stopping because end time detected by thread: Load - Product search 1-40
2026-08-18 09:08:34,940 INFO o.a.j.t.JMeterThread: Thread finished: Load - Product search 1-49
2026-08-18 09:08:34,940 INFO o.a.j.t.JMeterThread: Stopping because end time detected by thread: Load - Product search 1-44
2026-08-18 09:08:34,940 INFO o.a.j.t.JMeterThread: Thread finished: Load - Product search 1-40
2026-08-18 09:08:34,940 INFO o.a.j.t.JMeterThread: Thread finished: Load - Product search 1-44
2026-08-18 09:08:34,940 INFO o.a.j.t.JMeterThread: Stopping because end time detected by thread: Load - Product search 1-47
2026-08-18 09:08:34,941 INFO o.a.j.t.JMeterThread: Thread finished: Load - Product search 1-47
2026-08-18 09:08:34,941 INFO o.a.j.t.JMeterThread: Stopping because end time detected by thread: Load - Product search 1-39
2026-08-18 09:08:34,941 INFO o.a.j.t.JMeterThread: Thread finished: Load - Product search 1-39
2026-08-18 09:08:34,942 INFO o.a.j.t.JMeterThread: Stopping because end time detected by thread: Load - Product search 1-48
2026-08-18 09:08:34,942 INFO o.a.j.t.JMeterThread: Thread finished: Load - Product search 1-48
2026-08-18 09:08:34,942 INFO o.a.j.t.JMeterThread: Stopping because end time detected by thread: Load - Product search 1-46
2026-08-18 09:08:34,943 INFO o.a.j.t.JMeterThread: Stopping because end time detected by thread: Load - Product search 1-50
2026-08-18 09:08:34,943 INFO o.a.j.t.JMeterThread: Thread finished: Load - Product search 1-46
2026-08-18 09:08:34,943 INFO o.a.j.t.JMeterThread: Thread finished: Load - Product search 1-50
2026-08-18 09:08:34,943 INFO o.a.j.e.StandardJMeterEngine: Notifying test listeners of end of test
2026-08-18 09:08:34,943 INFO o.a.j.s.FileServer: Close: data/products.csv
2026-08-18 09:08:34,945 INFO o.a.j.r.Summariser: summary +  13394 in 00:00:05 = 2711.3/s Avg:    18 Min:     9 Max:    38 Err:     0 (0.00%) Active: 0 Started: 50 Finished: 50
2026-08-18 09:08:34,945 INFO o.a.j.r.Summariser: summary =  75142 in 00:00:30 = 2499.1/s Avg:    18 Min:     1 Max:   107 Err:     0 (0.00%)
