2026-08-18 09:09:01,553 INFO o.a.j.u.JMeterUtils: Setting Locale to en_EN
2026-08-18 09:09:01,572 INFO o.a.j.JMeter: Loading user properties from: C:\Users\nguye\Documents\GitHub\HW05-23127116\.tools\apache-jmeter-5.6.3\bin\user.properties
2026-08-18 09:09:01,573 INFO o.a.j.JMeter: Loading system properties from: C:\Users\nguye\Documents\GitHub\HW05-23127116\.tools\apache-jmeter-5.6.3\bin\system.properties
2026-08-18 09:09:01,573 INFO o.a.j.JMeter: Setting JMeter property: host=localhost
2026-08-18 09:09:01,573 INFO o.a.j.JMeter: Setting JMeter property: port=3000
2026-08-18 09:09:01,574 INFO o.a.j.JMeter: Setting JMeter property: data_dir=data
2026-08-18 09:09:01,574 INFO o.a.j.JMeter: Setting JMeter property: load_threads=100
2026-08-18 09:09:01,574 INFO o.a.j.JMeter: Setting JMeter property: load_ramp=5
2026-08-18 09:09:01,574 INFO o.a.j.JMeter: Setting JMeter property: load_duration=30
2026-08-18 09:09:01,574 INFO o.a.j.JMeter: Setting JMeter property: load_think_min_ms=0
2026-08-18 09:09:01,574 INFO o.a.j.JMeter: Setting JMeter property: load_think_range_ms=0
2026-08-18 09:09:01,583 INFO o.a.j.JMeter: Copyright (c) 1998-2024 The Apache Software Foundation
2026-08-18 09:09:01,583 INFO o.a.j.JMeter: Version 5.6.3
2026-08-18 09:09:01,583 INFO o.a.j.JMeter: java.version=17.0.19
2026-08-18 09:09:01,583 INFO o.a.j.JMeter: java.vm.name=OpenJDK 64-Bit Server VM
2026-08-18 09:09:01,583 INFO o.a.j.JMeter: os.name=Windows 11
2026-08-18 09:09:01,583 INFO o.a.j.JMeter: os.arch=amd64
2026-08-18 09:09:01,583 INFO o.a.j.JMeter: os.version=10.0
2026-08-18 09:09:01,583 INFO o.a.j.JMeter: file.encoding=Cp1258
2026-08-18 09:09:01,584 INFO o.a.j.JMeter: java.awt.headless=true
2026-08-18 09:09:01,584 INFO o.a.j.JMeter: Max memory     =1073741824
2026-08-18 09:09:01,584 INFO o.a.j.JMeter: Available Processors =12
2026-08-18 09:09:01,591 INFO o.a.j.JMeter: Default Locale=English (EN)
2026-08-18 09:09:01,592 INFO o.a.j.JMeter: JMeter  Locale=English (EN)
2026-08-18 09:09:01,592 INFO o.a.j.JMeter: JMeterHome=C:\Users\nguye\Documents\GitHub\HW05-23127116\.tools\apache-jmeter-5.6.3
2026-08-18 09:09:01,592 INFO o.a.j.JMeter: user.dir  =C:\Users\nguye\Documents\GitHub\Homework05-23127116
2026-08-18 09:09:01,592 INFO o.a.j.JMeter: PWD       =C:\Users\nguye\Documents\GitHub\Homework05-23127116
2026-08-18 09:09:01,593 INFO o.a.j.JMeter: IP: 172.30.48.1 Name: LAPTOP-BKI58MTI FullName: LAPTOP-BKI58MTI.mshome.net
2026-08-18 09:09:01,612 INFO o.a.j.s.FileServer: Default base='C:\Users\nguye\Documents\GitHub\Homework05-23127116'
2026-08-18 09:09:01,614 INFO o.a.j.s.FileServer: Set new base='C:\Users\nguye\Documents\GitHub\Homework05-23127116\test-plans'
2026-08-18 09:09:01,802 INFO o.a.j.s.SaveService: Testplan (JMX) version: 2.2. Testlog (JTL) version: 2.2
2026-08-18 09:09:01,825 INFO o.a.j.s.SaveService: Using SaveService properties version 5.0
2026-08-18 09:09:01,828 INFO o.a.j.s.SaveService: Using SaveService properties file encoding UTF-8
2026-08-18 09:09:01,831 INFO o.a.j.s.SaveService: Loading file: C:\Users\nguye\Documents\GitHub\Homework05-23127116\test-plans\23127116_Load_20260818.jmx
2026-08-18 09:09:01,883 INFO o.a.j.p.h.s.HTTPSamplerBase: Parser for text/html is org.apache.jmeter.protocol.http.parser.LagartoBasedHtmlParser
2026-08-18 09:09:01,884 INFO o.a.j.p.h.s.HTTPSamplerBase: Parser for application/xhtml+xml is org.apache.jmeter.protocol.http.parser.LagartoBasedHtmlParser
2026-08-18 09:09:01,884 INFO o.a.j.p.h.s.HTTPSamplerBase: Parser for application/xml is org.apache.jmeter.protocol.http.parser.LagartoBasedHtmlParser
2026-08-18 09:09:01,884 INFO o.a.j.p.h.s.HTTPSamplerBase: Parser for text/xml is org.apache.jmeter.protocol.http.parser.LagartoBasedHtmlParser
2026-08-18 09:09:01,884 INFO o.a.j.p.h.s.HTTPSamplerBase: Parser for text/vnd.wap.wml is org.apache.jmeter.protocol.http.parser.RegexpHTMLParser
2026-08-18 09:09:01,884 INFO o.a.j.p.h.s.HTTPSamplerBase: Parser for text/css is org.apache.jmeter.protocol.http.parser.CssParser
2026-08-18 09:09:01,906 INFO o.a.j.JMeter: Creating summariser <summary>
2026-08-18 09:09:01,917 INFO o.a.j.e.StandardJMeterEngine: Running the test!
2026-08-18 09:09:01,918 INFO o.a.j.s.SampleEvent: List of sample_variables: []
2026-08-18 09:09:01,918 INFO o.a.j.s.SampleEvent: List of sample_variables: []
2026-08-18 09:09:01,923 INFO o.a.j.e.u.CompoundVariable: Note: Function class names must contain the string: '.functions.'
2026-08-18 09:09:01,924 INFO o.a.j.e.u.CompoundVariable: Note: Function class names must not contain the string: '.gui.'
2026-08-18 09:09:01,990 INFO o.a.j.JMeter: Running test (1787018941990)
2026-08-18 09:09:02,008 INFO o.a.j.e.StandardJMeterEngine: Starting ThreadGroup: 1 : Load - Product search
2026-08-18 09:09:02,008 INFO o.a.j.e.StandardJMeterEngine: Starting 100 threads for group Load - Product search.
2026-08-18 09:09:02,009 INFO o.a.j.e.StandardJMeterEngine: Thread will continue on error
2026-08-18 09:09:02,009 INFO o.a.j.t.ThreadGroup: Starting thread group... number=1 threads=100 ramp-up=5 delayedStart=false
2026-08-18 09:09:02,063 INFO o.a.j.t.ThreadGroup: Started thread group number 1
2026-08-18 09:09:02,063 INFO o.a.j.e.StandardJMeterEngine: All thread groups have been started
2026-08-18 09:09:02,117 INFO o.a.j.t.JMeterThread: Thread started: Load - Product search 1-1
2026-08-18 09:09:02,119 INFO o.a.j.s.FileServer: Stored: data/products.csv
2026-08-18 09:09:02,158 INFO o.a.j.p.h.s.HTTPHCAbstractImpl: Local host = LAPTOP-BKI58MTI
2026-08-18 09:09:02,164 INFO o.a.j.t.JMeterThread: Thread started: Load - Product search 1-2
2026-08-18 09:09:02,166 INFO o.a.j.p.h.s.HTTPHC4Impl: HTTP request retry count = 0
2026-08-18 09:09:02,167 INFO o.a.j.s.SampleResult: Note: Sample TimeStamps are START times
2026-08-18 09:09:02,167 INFO o.a.j.s.SampleResult: sampleresult.default.encoding is set to UTF-8
2026-08-18 09:09:02,167 INFO o.a.j.s.SampleResult: sampleresult.useNanoTime=true
2026-08-18 09:09:02,167 INFO o.a.j.s.SampleResult: sampleresult.nanoThreadSleep=5000
2026-08-18 09:09:02,212 INFO o.a.j.t.JMeterThread: Thread started: Load - Product search 1-3
2026-08-18 09:09:02,259 INFO o.a.j.t.JMeterThread: Thread started: Load - Product search 1-4
2026-08-18 09:09:02,281 INFO o.a.j.r.Summariser: summary +      1 in 00:00:00 =    3.5/s Avg:    44 Min:    44 Max:    44 Err:     0 (0.00%) Active: 4 Started: 4 Finished: 0
2026-08-18 09:09:02,312 INFO o.a.j.t.JMeterThread: Thread started: Load - Product search 1-5
2026-08-18 09:09:02,361 INFO o.a.j.t.JMeterThread: Thread started: Load - Product search 1-6
2026-08-18 09:09:02,410 INFO o.a.j.t.JMeterThread: Thread started: Load - Product search 1-7
2026-08-18 09:09:02,458 INFO o.a.j.t.JMeterThread: Thread started: Load - Product search 1-8
2026-08-18 09:09:02,507 INFO o.a.j.t.JMeterThread: Thread started: Load - Product search 1-9
2026-08-18 09:09:02,561 INFO o.a.j.t.JMeterThread: Thread started: Load - Product search 1-10
2026-08-18 09:09:02,610 INFO o.a.j.t.JMeterThread: Thread started: Load - Product search 1-11
2026-08-18 09:09:02,658 INFO o.a.j.t.JMeterThread: Thread started: Load - Product search 1-12
2026-08-18 09:09:02,746 INFO o.a.j.t.JMeterThread: Thread started: Load - Product search 1-13
2026-08-18 09:09:02,759 INFO o.a.j.t.JMeterThread: Thread started: Load - Product search 1-14
2026-08-18 09:09:02,801 INFO o.a.j.t.JMeterThread: Thread started: Load - Product search 1-15
2026-08-18 09:09:02,855 INFO o.a.j.t.JMeterThread: Thread started: Load - Product search 1-16
2026-08-18 09:09:02,903 INFO o.a.j.t.JMeterThread: Thread started: Load - Product search 1-17
2026-08-18 09:09:02,953 INFO o.a.j.t.JMeterThread: Thread started: Load - Product search 1-18
2026-08-18 09:09:03,002 INFO o.a.j.t.JMeterThread: Thread started: Load - Product search 1-19
2026-08-18 09:09:03,053 INFO o.a.j.t.JMeterThread: Thread started: Load - Product search 1-20
2026-08-18 09:09:03,102 INFO o.a.j.t.JMeterThread: Thread started: Load - Product search 1-21
2026-08-18 09:09:03,149 INFO o.a.j.t.JMeterThread: Thread started: Load - Product search 1-22
2026-08-18 09:09:03,200 INFO o.a.j.t.JMeterThread: Thread started: Load - Product search 1-23
2026-08-18 09:09:03,249 INFO o.a.j.t.JMeterThread: Thread started: Load - Product search 1-24
2026-08-18 09:09:03,303 INFO o.a.j.t.JMeterThread: Thread started: Load - Product search 1-25
2026-08-18 09:09:03,347 INFO o.a.j.t.JMeterThread: Thread started: Load - Product search 1-26
2026-08-18 09:09:03,408 INFO o.a.j.t.JMeterThread: Thread started: Load - Product search 1-27
2026-08-18 09:09:03,446 INFO o.a.j.t.JMeterThread: Thread started: Load - Product search 1-28
2026-08-18 09:09:03,496 INFO o.a.j.t.JMeterThread: Thread started: Load - Product search 1-29
2026-08-18 09:09:03,543 INFO o.a.j.t.JMeterThread: Thread started: Load - Product search 1-30
2026-08-18 09:09:03,594 INFO o.a.j.t.JMeterThread: Thread started: Load - Product search 1-31
2026-08-18 09:09:03,643 INFO o.a.j.t.JMeterThread: Thread started: Load - Product search 1-32
2026-08-18 09:09:03,695 INFO o.a.j.t.JMeterThread: Thread started: Load - Product search 1-33
2026-08-18 09:09:03,744 INFO o.a.j.t.JMeterThread: Thread started: Load - Product search 1-34
2026-08-18 09:09:03,794 INFO o.a.j.t.JMeterThread: Thread started: Load - Product search 1-35
2026-08-18 09:09:03,841 INFO o.a.j.t.JMeterThread: Thread started: Load - Product search 1-36
2026-08-18 09:09:03,891 INFO o.a.j.t.JMeterThread: Thread started: Load - Product search 1-37
2026-08-18 09:09:03,941 INFO o.a.j.t.JMeterThread: Thread started: Load - Product search 1-38
2026-08-18 09:09:03,990 INFO o.a.j.t.JMeterThread: Thread started: Load - Product search 1-39
2026-08-18 09:09:04,043 INFO o.a.j.t.JMeterThread: Thread started: Load - Product search 1-40
2026-08-18 09:09:04,088 INFO o.a.j.t.JMeterThread: Thread started: Load - Product search 1-41
2026-08-18 09:09:04,141 INFO o.a.j.t.JMeterThread: Thread started: Load - Product search 1-42
2026-08-18 09:09:04,187 INFO o.a.j.t.JMeterThread: Thread started: Load - Product search 1-43
2026-08-18 09:09:04,239 INFO o.a.j.t.JMeterThread: Thread started: Load - Product search 1-44
2026-08-18 09:09:04,288 INFO o.a.j.t.JMeterThread: Thread started: Load - Product search 1-45
2026-08-18 09:09:04,339 INFO o.a.j.t.JMeterThread: Thread started: Load - Product search 1-46
2026-08-18 09:09:04,389 INFO o.a.j.t.JMeterThread: Thread started: Load - Product search 1-47
2026-08-18 09:09:04,437 INFO o.a.j.t.JMeterThread: Thread started: Load - Product search 1-48
2026-08-18 09:09:04,487 INFO o.a.j.t.JMeterThread: Thread started: Load - Product search 1-49
2026-08-18 09:09:04,535 INFO o.a.j.t.JMeterThread: Thread started: Load - Product search 1-50
2026-08-18 09:09:04,587 INFO o.a.j.t.JMeterThread: Thread started: Load - Product search 1-51
2026-08-18 09:09:04,637 INFO o.a.j.t.JMeterThread: Thread started: Load - Product search 1-52
2026-08-18 09:09:04,688 INFO o.a.j.t.JMeterThread: Thread started: Load - Product search 1-53
2026-08-18 09:09:04,737 INFO o.a.j.t.JMeterThread: Thread started: Load - Product search 1-54
2026-08-18 09:09:04,787 INFO o.a.j.t.JMeterThread: Thread started: Load - Product search 1-55
2026-08-18 09:09:04,836 INFO o.a.j.t.JMeterThread: Thread started: Load - Product search 1-56
2026-08-18 09:09:04,882 INFO o.a.j.t.JMeterThread: Thread started: Load - Product search 1-57
2026-08-18 09:09:04,932 INFO o.a.j.t.JMeterThread: Thread started: Load - Product search 1-58
2026-08-18 09:09:04,985 INFO o.a.j.t.JMeterThread: Thread started: Load - Product search 1-59
2026-08-18 09:09:05,033 INFO o.a.j.t.JMeterThread: Thread started: Load - Product search 1-60
2026-08-18 09:09:05,084 INFO o.a.j.t.JMeterThread: Thread started: Load - Product search 1-61
2026-08-18 09:09:05,133 INFO o.a.j.t.JMeterThread: Thread started: Load - Product search 1-62
2026-08-18 09:09:05,182 INFO o.a.j.t.JMeterThread: Thread started: Load - Product search 1-63
2026-08-18 09:09:05,231 INFO o.a.j.t.JMeterThread: Thread started: Load - Product search 1-64
2026-08-18 09:09:05,278 INFO o.a.j.t.JMeterThread: Thread started: Load - Product search 1-65
2026-08-18 09:09:05,326 INFO o.a.j.t.JMeterThread: Thread started: Load - Product search 1-66
2026-08-18 09:09:05,377 INFO o.a.j.t.JMeterThread: Thread started: Load - Product search 1-67
2026-08-18 09:09:05,427 INFO o.a.j.t.JMeterThread: Thread started: Load - Product search 1-68
2026-08-18 09:09:05,475 INFO o.a.j.t.JMeterThread: Thread started: Load - Product search 1-69
2026-08-18 09:09:05,525 INFO o.a.j.t.JMeterThread: Thread started: Load - Product search 1-70
2026-08-18 09:09:05,574 INFO o.a.j.t.JMeterThread: Thread started: Load - Product search 1-71
2026-08-18 09:09:05,625 INFO o.a.j.t.JMeterThread: Thread started: Load - Product search 1-72
2026-08-18 09:09:05,674 INFO o.a.j.t.JMeterThread: Thread started: Load - Product search 1-73
2026-08-18 09:09:05,724 INFO o.a.j.t.JMeterThread: Thread started: Load - Product search 1-74
2026-08-18 09:09:05,774 INFO o.a.j.t.JMeterThread: Thread started: Load - Product search 1-75
2026-08-18 09:09:05,822 INFO o.a.j.t.JMeterThread: Thread started: Load - Product search 1-76
2026-08-18 09:09:05,871 INFO o.a.j.t.JMeterThread: Thread started: Load - Product search 1-77
2026-08-18 09:09:05,921 INFO o.a.j.t.JMeterThread: Thread started: Load - Product search 1-78
2026-08-18 09:09:05,970 INFO o.a.j.t.JMeterThread: Thread started: Load - Product search 1-79
2026-08-18 09:09:06,020 INFO o.a.j.t.JMeterThread: Thread started: Load - Product search 1-80
2026-08-18 09:09:06,072 INFO o.a.j.t.JMeterThread: Thread started: Load - Product search 1-81
2026-08-18 09:09:06,123 INFO o.a.j.t.JMeterThread: Thread started: Load - Product search 1-82
2026-08-18 09:09:06,170 INFO o.a.j.t.JMeterThread: Thread started: Load - Product search 1-83
2026-08-18 09:09:06,220 INFO o.a.j.t.JMeterThread: Thread started: Load - Product search 1-84
2026-08-18 09:09:06,268 INFO o.a.j.t.JMeterThread: Thread started: Load - Product search 1-85
2026-08-18 09:09:06,316 INFO o.a.j.t.JMeterThread: Thread started: Load - Product search 1-86
2026-08-18 09:09:06,365 INFO o.a.j.t.JMeterThread: Thread started: Load - Product search 1-87
2026-08-18 09:09:06,418 INFO o.a.j.t.JMeterThread: Thread started: Load - Product search 1-88
2026-08-18 09:09:06,466 INFO o.a.j.t.JMeterThread: Thread started: Load - Product search 1-89
2026-08-18 09:09:06,518 INFO o.a.j.t.JMeterThread: Thread started: Load - Product search 1-90
2026-08-18 09:09:06,563 INFO o.a.j.t.JMeterThread: Thread started: Load - Product search 1-91
2026-08-18 09:09:06,618 INFO o.a.j.t.JMeterThread: Thread started: Load - Product search 1-92
2026-08-18 09:09:06,664 INFO o.a.j.t.JMeterThread: Thread started: Load - Product search 1-93
2026-08-18 09:09:06,714 INFO o.a.j.t.JMeterThread: Thread started: Load - Product search 1-94
2026-08-18 09:09:06,766 INFO o.a.j.t.JMeterThread: Thread started: Load - Product search 1-95
2026-08-18 09:09:06,810 INFO o.a.j.t.JMeterThread: Thread started: Load - Product search 1-96
2026-08-18 09:09:06,864 INFO o.a.j.t.JMeterThread: Thread started: Load - Product search 1-97
2026-08-18 09:09:06,912 INFO o.a.j.t.JMeterThread: Thread started: Load - Product search 1-98
2026-08-18 09:09:06,964 INFO o.a.j.t.JMeterThread: Thread started: Load - Product search 1-99
2026-08-18 09:09:07,014 INFO o.a.j.t.JMeterThread: Thread started: Load - Product search 1-100
2026-08-18 09:09:30,001 INFO o.a.j.r.Summariser: summary +  69960 in 00:00:28 = 2523.7/s Avg:    36 Min:     1 Max:   122 Err:     0 (0.00%) Active: 100 Started: 100 Finished: 0
2026-08-18 09:09:30,001 INFO o.a.j.r.Summariser: summary =  69961 in 00:00:28 = 2497.7/s Avg:    36 Min:     1 Max:   122 Err:     0 (0.00%)
2026-08-18 09:09:32,015 INFO o.a.j.t.JMeterThread: Stopping because end time detected by thread: Load - Product search 1-1
2026-08-18 09:09:32,015 INFO o.a.j.t.JMeterThread: Thread finished: Load - Product search 1-1
2026-08-18 09:09:32,020 INFO o.a.j.t.JMeterThread: Stopping because end time detected by thread: Load - Product search 1-4
2026-08-18 09:09:32,023 INFO o.a.j.t.JMeterThread: Thread finished: Load - Product search 1-4
2026-08-18 09:09:32,024 INFO o.a.j.t.JMeterThread: Stopping because end time detected by thread: Load - Product search 1-6
2026-08-18 09:09:32,024 INFO o.a.j.t.JMeterThread: Stopping because end time detected by thread: Load - Product search 1-10
2026-08-18 09:09:32,024 INFO o.a.j.t.JMeterThread: Stopping because end time detected by thread: Load - Product search 1-8
2026-08-18 09:09:32,024 INFO o.a.j.t.JMeterThread: Thread finished: Load - Product search 1-8
2026-08-18 09:09:32,024 INFO o.a.j.t.JMeterThread: Thread finished: Load - Product search 1-10
2026-08-18 09:09:32,024 INFO o.a.j.t.JMeterThread: Thread finished: Load - Product search 1-6
2026-08-18 09:09:32,024 INFO o.a.j.t.JMeterThread: Stopping because end time detected by thread: Load - Product search 1-11
2026-08-18 09:09:32,025 INFO o.a.j.t.JMeterThread: Thread finished: Load - Product search 1-11
2026-08-18 09:09:32,025 INFO o.a.j.t.JMeterThread: Stopping because end time detected by thread: Load - Product search 1-13
2026-08-18 09:09:32,025 INFO o.a.j.t.JMeterThread: Thread finished: Load - Product search 1-13
2026-08-18 09:09:32,038 INFO o.a.j.t.JMeterThread: Stopping because end time detected by thread: Load - Product search 1-31
2026-08-18 09:09:32,039 INFO o.a.j.t.JMeterThread: Thread finished: Load - Product search 1-31
2026-08-18 09:09:32,039 INFO o.a.j.t.JMeterThread: Stopping because end time detected by thread: Load - Product search 1-5
2026-08-18 09:09:32,039 INFO o.a.j.t.JMeterThread: Thread finished: Load - Product search 1-5
2026-08-18 09:09:32,039 INFO o.a.j.t.JMeterThread: Stopping because end time detected by thread: Load - Product search 1-23
2026-08-18 09:09:32,039 INFO o.a.j.t.JMeterThread: Thread finished: Load - Product search 1-23
2026-08-18 09:09:32,039 INFO o.a.j.t.JMeterThread: Stopping because end time detected by thread: Load - Product search 1-21
2026-08-18 09:09:32,040 INFO o.a.j.t.JMeterThread: Stopping because end time detected by thread: Load - Product search 1-33
2026-08-18 09:09:32,040 INFO o.a.j.t.JMeterThread: Thread finished: Load - Product search 1-21
2026-08-18 09:09:32,040 INFO o.a.j.t.JMeterThread: Thread finished: Load - Product search 1-33
2026-08-18 09:09:32,040 INFO o.a.j.t.JMeterThread: Stopping because end time detected by thread: Load - Product search 1-48
2026-08-18 09:09:32,041 INFO o.a.j.t.JMeterThread: Thread finished: Load - Product search 1-48
2026-08-18 09:09:32,041 INFO o.a.j.t.JMeterThread: Stopping because end time detected by thread: Load - Product search 1-49
2026-08-18 09:09:32,041 INFO o.a.j.t.JMeterThread: Stopping because end time detected by thread: Load - Product search 1-16
2026-08-18 09:09:32,041 INFO o.a.j.t.JMeterThread: Thread finished: Load - Product search 1-49
2026-08-18 09:09:32,041 INFO o.a.j.t.JMeterThread: Thread finished: Load - Product search 1-16
2026-08-18 09:09:32,042 INFO o.a.j.t.JMeterThread: Stopping because end time detected by thread: Load - Product search 1-36
2026-08-18 09:09:32,042 INFO o.a.j.t.JMeterThread: Thread finished: Load - Product search 1-36
2026-08-18 09:09:32,042 INFO o.a.j.t.JMeterThread: Stopping because end time detected by thread: Load - Product search 1-3
2026-08-18 09:09:32,042 INFO o.a.j.t.JMeterThread: Thread finished: Load - Product search 1-3
2026-08-18 09:09:32,042 INFO o.a.j.t.JMeterThread: Stopping because end time detected by thread: Load - Product search 1-2
2026-08-18 09:09:32,043 INFO o.a.j.t.JMeterThread: Thread finished: Load - Product search 1-2
2026-08-18 09:09:32,043 INFO o.a.j.t.JMeterThread: Stopping because end time detected by thread: Load - Product search 1-54
2026-08-18 09:09:32,043 INFO o.a.j.t.JMeterThread: Thread finished: Load - Product search 1-54
2026-08-18 09:09:32,043 INFO o.a.j.t.JMeterThread: Stopping because end time detected by thread: Load - Product search 1-37
2026-08-18 09:09:32,043 INFO o.a.j.t.JMeterThread: Stopping because end time detected by thread: Load - Product search 1-40
2026-08-18 09:09:32,044 INFO o.a.j.t.JMeterThread: Thread finished: Load - Product search 1-37
2026-08-18 09:09:32,044 INFO o.a.j.t.JMeterThread: Thread finished: Load - Product search 1-40
2026-08-18 09:09:32,044 INFO o.a.j.t.JMeterThread: Stopping because end time detected by thread: Load - Product search 1-50
2026-08-18 09:09:32,044 INFO o.a.j.t.JMeterThread: Thread finished: Load - Product search 1-50
2026-08-18 09:09:32,044 INFO o.a.j.t.JMeterThread: Stopping because end time detected by thread: Load - Product search 1-14
2026-08-18 09:09:32,044 INFO o.a.j.t.JMeterThread: Thread finished: Load - Product search 1-14
2026-08-18 09:09:32,045 INFO o.a.j.t.JMeterThread: Stopping because end time detected by thread: Load - Product search 1-52
2026-08-18 09:09:32,045 INFO o.a.j.t.JMeterThread: Stopping because end time detected by thread: Load - Product search 1-43
2026-08-18 09:09:32,045 INFO o.a.j.t.JMeterThread: Thread finished: Load - Product search 1-52
2026-08-18 09:09:32,045 INFO o.a.j.t.JMeterThread: Thread finished: Load - Product search 1-43
2026-08-18 09:09:32,045 INFO o.a.j.t.JMeterThread: Stopping because end time detected by thread: Load - Product search 1-29
2026-08-18 09:09:32,045 INFO o.a.j.t.JMeterThread: Thread finished: Load - Product search 1-29
2026-08-18 09:09:32,045 INFO o.a.j.t.JMeterThread: Stopping because end time detected by thread: Load - Product search 1-42
2026-08-18 09:09:32,045 INFO o.a.j.t.JMeterThread: Thread finished: Load - Product search 1-42
2026-08-18 09:09:32,046 INFO o.a.j.t.JMeterThread: Stopping because end time detected by thread: Load - Product search 1-55
2026-08-18 09:09:32,046 INFO o.a.j.t.JMeterThread: Thread finished: Load - Product search 1-55
2026-08-18 09:09:32,047 INFO o.a.j.t.JMeterThread: Stopping because end time detected by thread: Load - Product search 1-59
2026-08-18 09:09:32,047 INFO o.a.j.t.JMeterThread: Thread finished: Load - Product search 1-59
2026-08-18 09:09:32,047 INFO o.a.j.t.JMeterThread: Stopping because end time detected by thread: Load - Product search 1-38
2026-08-18 09:09:32,047 INFO o.a.j.t.JMeterThread: Thread finished: Load - Product search 1-38
2026-08-18 09:09:32,047 INFO o.a.j.t.JMeterThread: Stopping because end time detected by thread: Load - Product search 1-34
2026-08-18 09:09:32,048 INFO o.a.j.t.JMeterThread: Thread finished: Load - Product search 1-34
2026-08-18 09:09:32,048 INFO o.a.j.t.JMeterThread: Stopping because end time detected by thread: Load - Product search 1-35
2026-08-18 09:09:32,048 INFO o.a.j.t.JMeterThread: Thread finished: Load - Product search 1-35
2026-08-18 09:09:32,048 INFO o.a.j.t.JMeterThread: Stopping because end time detected by thread: Load - Product search 1-12
2026-08-18 09:09:32,048 INFO o.a.j.t.JMeterThread: Thread finished: Load - Product search 1-12
2026-08-18 09:09:32,048 INFO o.a.j.t.JMeterThread: Stopping because end time detected by thread: Load - Product search 1-18
2026-08-18 09:09:32,049 INFO o.a.j.t.JMeterThread: Thread finished: Load - Product search 1-18
2026-08-18 09:09:32,049 INFO o.a.j.t.JMeterThread: Stopping because end time detected by thread: Load - Product search 1-62
2026-08-18 09:09:32,049 INFO o.a.j.t.JMeterThread: Thread finished: Load - Product search 1-62
2026-08-18 09:09:32,055 INFO o.a.j.t.JMeterThread: Stopping because end time detected by thread: Load - Product search 1-57
2026-08-18 09:09:32,055 INFO o.a.j.t.JMeterThread: Stopping because end time detected by thread: Load - Product search 1-44
2026-08-18 09:09:32,055 INFO o.a.j.t.JMeterThread: Thread finished: Load - Product search 1-57
2026-08-18 09:09:32,055 INFO o.a.j.t.JMeterThread: Thread finished: Load - Product search 1-44
2026-08-18 09:09:32,055 INFO o.a.j.t.JMeterThread: Stopping because end time detected by thread: Load - Product search 1-15
2026-08-18 09:09:32,055 INFO o.a.j.t.JMeterThread: Thread finished: Load - Product search 1-15
2026-08-18 09:09:32,057 INFO o.a.j.t.JMeterThread: Stopping because end time detected by thread: Load - Product search 1-82
2026-08-18 09:09:32,057 INFO o.a.j.t.JMeterThread: Thread finished: Load - Product search 1-82
2026-08-18 09:09:32,057 INFO o.a.j.t.JMeterThread: Stopping because end time detected by thread: Load - Product search 1-83
2026-08-18 09:09:32,057 INFO o.a.j.t.JMeterThread: Thread finished: Load - Product search 1-83
2026-08-18 09:09:32,057 INFO o.a.j.t.JMeterThread: Stopping because end time detected by thread: Load - Product search 1-45
2026-08-18 09:09:32,057 INFO o.a.j.t.JMeterThread: Thread finished: Load - Product search 1-45
2026-08-18 09:09:32,058 INFO o.a.j.t.JMeterThread: Stopping because end time detected by thread: Load - Product search 1-74
2026-08-18 09:09:32,058 INFO o.a.j.t.JMeterThread: Thread finished: Load - Product search 1-74
2026-08-18 09:09:32,058 INFO o.a.j.t.JMeterThread: Stopping because end time detected by thread: Load - Product search 1-30
2026-08-18 09:09:32,058 INFO o.a.j.t.JMeterThread: Thread finished: Load - Product search 1-30
2026-08-18 09:09:32,058 INFO o.a.j.t.JMeterThread: Stopping because end time detected by thread: Load - Product search 1-7
2026-08-18 09:09:32,058 INFO o.a.j.t.JMeterThread: Thread finished: Load - Product search 1-7
2026-08-18 09:09:32,059 INFO o.a.j.t.JMeterThread: Stopping because end time detected by thread: Load - Product search 1-71
2026-08-18 09:09:32,059 INFO o.a.j.t.JMeterThread: Stopping because end time detected by thread: Load - Product search 1-61
2026-08-18 09:09:32,059 INFO o.a.j.t.JMeterThread: Thread finished: Load - Product search 1-71
2026-08-18 09:09:32,059 INFO o.a.j.t.JMeterThread: Thread finished: Load - Product search 1-61
2026-08-18 09:09:32,059 INFO o.a.j.t.JMeterThread: Stopping because end time detected by thread: Load - Product search 1-47
2026-08-18 09:09:32,060 INFO o.a.j.t.JMeterThread: Stopping because end time detected by thread: Load - Product search 1-94
2026-08-18 09:09:32,060 INFO o.a.j.t.JMeterThread: Thread finished: Load - Product search 1-47
2026-08-18 09:09:32,060 INFO o.a.j.t.JMeterThread: Thread finished: Load - Product search 1-94
2026-08-18 09:09:32,060 INFO o.a.j.t.JMeterThread: Stopping because end time detected by thread: Load - Product search 1-58
2026-08-18 09:09:32,060 INFO o.a.j.t.JMeterThread: Thread finished: Load - Product search 1-58
2026-08-18 09:09:32,061 INFO o.a.j.t.JMeterThread: Stopping because end time detected by thread: Load - Product search 1-75
2026-08-18 09:09:32,061 INFO o.a.j.t.JMeterThread: Thread finished: Load - Product search 1-75
2026-08-18 09:09:32,061 INFO o.a.j.t.JMeterThread: Stopping because end time detected by thread: Load - Product search 1-53
2026-08-18 09:09:32,061 INFO o.a.j.t.JMeterThread: Thread finished: Load - Product search 1-53
2026-08-18 09:09:32,061 INFO o.a.j.t.JMeterThread: Stopping because end time detected by thread: Load - Product search 1-69
2026-08-18 09:09:32,062 INFO o.a.j.t.JMeterThread: Stopping because end time detected by thread: Load - Product search 1-27
2026-08-18 09:09:32,062 INFO o.a.j.t.JMeterThread: Thread finished: Load - Product search 1-69
2026-08-18 09:09:32,062 INFO o.a.j.t.JMeterThread: Thread finished: Load - Product search 1-27
2026-08-18 09:09:32,062 INFO o.a.j.t.JMeterThread: Stopping because end time detected by thread: Load - Product search 1-98
2026-08-18 09:09:32,062 INFO o.a.j.t.JMeterThread: Thread finished: Load - Product search 1-98
2026-08-18 09:09:32,062 INFO o.a.j.t.JMeterThread: Stopping because end time detected by thread: Load - Product search 1-77
2026-08-18 09:09:32,062 INFO o.a.j.t.JMeterThread: Thread finished: Load - Product search 1-77
2026-08-18 09:09:32,062 INFO o.a.j.t.JMeterThread: Stopping because end time detected by thread: Load - Product search 1-72
2026-08-18 09:09:32,062 INFO o.a.j.t.JMeterThread: Thread finished: Load - Product search 1-72
2026-08-18 09:09:32,063 INFO o.a.j.t.JMeterThread: Stopping because end time detected by thread: Load - Product search 1-28
2026-08-18 09:09:32,063 INFO o.a.j.t.JMeterThread: Stopping because end time detected by thread: Load - Product search 1-84
2026-08-18 09:09:32,063 INFO o.a.j.t.JMeterThread: Thread finished: Load - Product search 1-28
2026-08-18 09:09:32,063 INFO o.a.j.t.JMeterThread: Thread finished: Load - Product search 1-84
2026-08-18 09:09:32,063 INFO o.a.j.t.JMeterThread: Stopping because end time detected by thread: Load - Product search 1-51
2026-08-18 09:09:32,063 INFO o.a.j.t.JMeterThread: Thread finished: Load - Product search 1-51
2026-08-18 09:09:32,063 INFO o.a.j.t.JMeterThread: Stopping because end time detected by thread: Load - Product search 1-39
2026-08-18 09:09:32,063 INFO o.a.j.t.JMeterThread: Thread finished: Load - Product search 1-39
2026-08-18 09:09:32,063 INFO o.a.j.t.JMeterThread: Stopping because end time detected by thread: Load - Product search 1-22
2026-08-18 09:09:32,063 INFO o.a.j.t.JMeterThread: Thread finished: Load - Product search 1-22
2026-08-18 09:09:32,064 INFO o.a.j.t.JMeterThread: Stopping because end time detected by thread: Load - Product search 1-25
2026-08-18 09:09:32,064 INFO o.a.j.t.JMeterThread: Stopping because end time detected by thread: Load - Product search 1-79
2026-08-18 09:09:32,064 INFO o.a.j.t.JMeterThread: Thread finished: Load - Product search 1-25
2026-08-18 09:09:32,064 INFO o.a.j.t.JMeterThread: Thread finished: Load - Product search 1-79
2026-08-18 09:09:32,064 INFO o.a.j.t.JMeterThread: Stopping because end time detected by thread: Load - Product search 1-95
2026-08-18 09:09:32,064 INFO o.a.j.t.JMeterThread: Thread finished: Load - Product search 1-95
2026-08-18 09:09:32,064 INFO o.a.j.t.JMeterThread: Stopping because end time detected by thread: Load - Product search 1-64
2026-08-18 09:09:32,064 INFO o.a.j.t.JMeterThread: Thread finished: Load - Product search 1-64
2026-08-18 09:09:32,065 INFO o.a.j.t.JMeterThread: Stopping because end time detected by thread: Load - Product search 1-46
2026-08-18 09:09:32,065 INFO o.a.j.t.JMeterThread: Thread finished: Load - Product search 1-46
2026-08-18 09:09:32,065 INFO o.a.j.t.JMeterThread: Stopping because end time detected by thread: Load - Product search 1-81
2026-08-18 09:09:32,065 INFO o.a.j.t.JMeterThread: Stopping because end time detected by thread: Load - Product search 1-63
2026-08-18 09:09:32,065 INFO o.a.j.t.JMeterThread: Thread finished: Load - Product search 1-81
2026-08-18 09:09:32,065 INFO o.a.j.t.JMeterThread: Thread finished: Load - Product search 1-63
2026-08-18 09:09:32,065 INFO o.a.j.t.JMeterThread: Stopping because end time detected by thread: Load - Product search 1-41
2026-08-18 09:09:32,065 INFO o.a.j.t.JMeterThread: Thread finished: Load - Product search 1-41
2026-08-18 09:09:32,065 INFO o.a.j.t.JMeterThread: Stopping because end time detected by thread: Load - Product search 1-20
2026-08-18 09:09:32,065 INFO o.a.j.t.JMeterThread: Thread finished: Load - Product search 1-20
2026-08-18 09:09:32,066 INFO o.a.j.t.JMeterThread: Stopping because end time detected by thread: Load - Product search 1-24
2026-08-18 09:09:32,066 INFO o.a.j.t.JMeterThread: Thread finished: Load - Product search 1-24
2026-08-18 09:09:32,066 INFO o.a.j.t.JMeterThread: Stopping because end time detected by thread: Load - Product search 1-56
2026-08-18 09:09:32,066 INFO o.a.j.t.JMeterThread: Stopping because end time detected by thread: Load - Product search 1-90
2026-08-18 09:09:32,066 INFO o.a.j.t.JMeterThread: Thread finished: Load - Product search 1-56
2026-08-18 09:09:32,066 INFO o.a.j.t.JMeterThread: Thread finished: Load - Product search 1-90
2026-08-18 09:09:32,066 INFO o.a.j.t.JMeterThread: Stopping because end time detected by thread: Load - Product search 1-78
2026-08-18 09:09:32,067 INFO o.a.j.t.JMeterThread: Thread finished: Load - Product search 1-78
2026-08-18 09:09:32,067 INFO o.a.j.t.JMeterThread: Stopping because end time detected by thread: Load - Product search 1-88
2026-08-18 09:09:32,067 INFO o.a.j.t.JMeterThread: Thread finished: Load - Product search 1-88
2026-08-18 09:09:32,067 INFO o.a.j.t.JMeterThread: Stopping because end time detected by thread: Load - Product search 1-60
2026-08-18 09:09:32,067 INFO o.a.j.t.JMeterThread: Thread finished: Load - Product search 1-60
2026-08-18 09:09:32,067 INFO o.a.j.t.JMeterThread: Stopping because end time detected by thread: Load - Product search 1-19
2026-08-18 09:09:32,068 INFO o.a.j.t.JMeterThread: Thread finished: Load - Product search 1-19
2026-08-18 09:09:32,068 INFO o.a.j.t.JMeterThread: Stopping because end time detected by thread: Load - Product search 1-17
2026-08-18 09:09:32,068 INFO o.a.j.t.JMeterThread: Thread finished: Load - Product search 1-17
2026-08-18 09:09:32,068 INFO o.a.j.t.JMeterThread: Stopping because end time detected by thread: Load - Product search 1-9
2026-08-18 09:09:32,068 INFO o.a.j.t.JMeterThread: Thread finished: Load - Product search 1-9
2026-08-18 09:09:32,071 INFO o.a.j.t.JMeterThread: Stopping because end time detected by thread: Load - Product search 1-26
2026-08-18 09:09:32,071 INFO o.a.j.t.JMeterThread: Stopping because end time detected by thread: Load - Product search 1-67
2026-08-18 09:09:32,071 INFO o.a.j.t.JMeterThread: Thread finished: Load - Product search 1-67
2026-08-18 09:09:32,071 INFO o.a.j.t.JMeterThread: Thread finished: Load - Product search 1-26
2026-08-18 09:09:32,071 INFO o.a.j.t.JMeterThread: Stopping because end time detected by thread: Load - Product search 1-32
2026-08-18 09:09:32,072 INFO o.a.j.t.JMeterThread: Stopping because end time detected by thread: Load - Product search 1-66
2026-08-18 09:09:32,072 INFO o.a.j.t.JMeterThread: Thread finished: Load - Product search 1-66
2026-08-18 09:09:32,072 INFO o.a.j.t.JMeterThread: Thread finished: Load - Product search 1-32
2026-08-18 09:09:32,072 INFO o.a.j.t.JMeterThread: Stopping because end time detected by thread: Load - Product search 1-91
2026-08-18 09:09:32,072 INFO o.a.j.t.JMeterThread: Thread finished: Load - Product search 1-91
2026-08-18 09:09:32,072 INFO o.a.j.t.JMeterThread: Stopping because end time detected by thread: Load - Product search 1-99
2026-08-18 09:09:32,072 INFO o.a.j.t.JMeterThread: Thread finished: Load - Product search 1-99
2026-08-18 09:09:32,072 INFO o.a.j.t.JMeterThread: Stopping because end time detected by thread: Load - Product search 1-97
2026-08-18 09:09:32,072 INFO o.a.j.t.JMeterThread: Thread finished: Load - Product search 1-97
2026-08-18 09:09:32,072 INFO o.a.j.t.JMeterThread: Stopping because end time detected by thread: Load - Product search 1-92
2026-08-18 09:09:32,072 INFO o.a.j.t.JMeterThread: Stopping because end time detected by thread: Load - Product search 1-73
2026-08-18 09:09:32,073 INFO o.a.j.t.JMeterThread: Thread finished: Load - Product search 1-92
2026-08-18 09:09:32,073 INFO o.a.j.t.JMeterThread: Thread finished: Load - Product search 1-73
2026-08-18 09:09:32,073 INFO o.a.j.t.JMeterThread: Stopping because end time detected by thread: Load - Product search 1-70
2026-08-18 09:09:32,073 INFO o.a.j.t.JMeterThread: Thread finished: Load - Product search 1-70
2026-08-18 09:09:32,073 INFO o.a.j.t.JMeterThread: Stopping because end time detected by thread: Load - Product search 1-65
2026-08-18 09:09:32,073 INFO o.a.j.t.JMeterThread: Thread finished: Load - Product search 1-65
2026-08-18 09:09:32,073 INFO o.a.j.t.JMeterThread: Stopping because end time detected by thread: Load - Product search 1-86
2026-08-18 09:09:32,073 INFO o.a.j.t.JMeterThread: Thread finished: Load - Product search 1-86
2026-08-18 09:09:32,073 INFO o.a.j.t.JMeterThread: Stopping because end time detected by thread: Load - Product search 1-100
2026-08-18 09:09:32,073 INFO o.a.j.t.JMeterThread: Stopping because end time detected by thread: Load - Product search 1-85
2026-08-18 09:09:32,073 INFO o.a.j.t.JMeterThread: Thread finished: Load - Product search 1-100
2026-08-18 09:09:32,073 INFO o.a.j.t.JMeterThread: Thread finished: Load - Product search 1-85
2026-08-18 09:09:32,073 INFO o.a.j.t.JMeterThread: Stopping because end time detected by thread: Load - Product search 1-93
2026-08-18 09:09:32,074 INFO o.a.j.t.JMeterThread: Thread finished: Load - Product search 1-93
2026-08-18 09:09:32,074 INFO o.a.j.t.JMeterThread: Stopping because end time detected by thread: Load - Product search 1-68
2026-08-18 09:09:32,074 INFO o.a.j.t.JMeterThread: Thread finished: Load - Product search 1-68
2026-08-18 09:09:32,074 INFO o.a.j.t.JMeterThread: Stopping because end time detected by thread: Load - Product search 1-96
2026-08-18 09:09:32,074 INFO o.a.j.t.JMeterThread: Thread finished: Load - Product search 1-96
2026-08-18 09:09:32,074 INFO o.a.j.t.JMeterThread: Stopping because end time detected by thread: Load - Product search 1-80
2026-08-18 09:09:32,074 INFO o.a.j.t.JMeterThread: Thread finished: Load - Product search 1-80
2026-08-18 09:09:32,080 INFO o.a.j.t.JMeterThread: Stopping because end time detected by thread: Load - Product search 1-76
2026-08-18 09:09:32,080 INFO o.a.j.t.JMeterThread: Thread finished: Load - Product search 1-76
2026-08-18 09:09:32,080 INFO o.a.j.t.JMeterThread: Stopping because end time detected by thread: Load - Product search 1-87
2026-08-18 09:09:32,080 INFO o.a.j.t.JMeterThread: Thread finished: Load - Product search 1-87
2026-08-18 09:09:32,080 INFO o.a.j.t.JMeterThread: Stopping because end time detected by thread: Load - Product search 1-89
2026-08-18 09:09:32,080 INFO o.a.j.t.JMeterThread: Thread finished: Load - Product search 1-89
2026-08-18 09:09:32,080 INFO o.a.j.e.StandardJMeterEngine: Notifying test listeners of end of test
2026-08-18 09:09:32,081 INFO o.a.j.s.FileServer: Close: data/products.csv
2026-08-18 09:09:32,081 INFO o.a.j.r.Summariser: summary +   5523 in 00:00:02 = 2654.0/s Avg:    37 Min:    22 Max:    88 Err:     0 (0.00%) Active: 0 Started: 100 Finished: 100
2026-08-18 09:09:32,082 INFO o.a.j.r.Summariser: summary =  75484 in 00:00:30 = 2508.5/s Avg:    36 Min:     1 Max:   122 Err:     0 (0.00%)
