2026-08-18 09:06:52,097 INFO o.a.j.u.JMeterUtils: Setting Locale to en_EN
2026-08-18 09:06:52,122 INFO o.a.j.JMeter: Loading user properties from: C:\Users\nguye\Documents\GitHub\HW05-23127116\.tools\apache-jmeter-5.6.3\bin\user.properties
2026-08-18 09:06:52,122 INFO o.a.j.JMeter: Loading system properties from: C:\Users\nguye\Documents\GitHub\HW05-23127116\.tools\apache-jmeter-5.6.3\bin\system.properties
2026-08-18 09:06:52,123 INFO o.a.j.JMeter: Setting JMeter property: host=localhost
2026-08-18 09:06:52,123 INFO o.a.j.JMeter: Setting JMeter property: port=3000
2026-08-18 09:06:52,123 INFO o.a.j.JMeter: Setting JMeter property: data_dir=data
2026-08-18 09:06:52,124 INFO o.a.j.JMeter: Setting JMeter property: load_threads=25
2026-08-18 09:06:52,124 INFO o.a.j.JMeter: Setting JMeter property: load_ramp=5
2026-08-18 09:06:52,124 INFO o.a.j.JMeter: Setting JMeter property: load_duration=30
2026-08-18 09:06:52,124 INFO o.a.j.JMeter: Setting JMeter property: load_think_min_ms=0
2026-08-18 09:06:52,124 INFO o.a.j.JMeter: Setting JMeter property: load_think_range_ms=0
2026-08-18 09:06:52,132 INFO o.a.j.JMeter: Copyright (c) 1998-2024 The Apache Software Foundation
2026-08-18 09:06:52,132 INFO o.a.j.JMeter: Version 5.6.3
2026-08-18 09:06:52,132 INFO o.a.j.JMeter: java.version=17.0.19
2026-08-18 09:06:52,132 INFO o.a.j.JMeter: java.vm.name=OpenJDK 64-Bit Server VM
2026-08-18 09:06:52,132 INFO o.a.j.JMeter: os.name=Windows 11
2026-08-18 09:06:52,133 INFO o.a.j.JMeter: os.arch=amd64
2026-08-18 09:06:52,133 INFO o.a.j.JMeter: os.version=10.0
2026-08-18 09:06:52,133 INFO o.a.j.JMeter: file.encoding=Cp1258
2026-08-18 09:06:52,133 INFO o.a.j.JMeter: java.awt.headless=true
2026-08-18 09:06:52,133 INFO o.a.j.JMeter: Max memory     =1073741824
2026-08-18 09:06:52,133 INFO o.a.j.JMeter: Available Processors =12
2026-08-18 09:06:52,141 INFO o.a.j.JMeter: Default Locale=English (EN)
2026-08-18 09:06:52,142 INFO o.a.j.JMeter: JMeter  Locale=English (EN)
2026-08-18 09:06:52,142 INFO o.a.j.JMeter: JMeterHome=C:\Users\nguye\Documents\GitHub\HW05-23127116\.tools\apache-jmeter-5.6.3
2026-08-18 09:06:52,142 INFO o.a.j.JMeter: user.dir  =C:\Users\nguye\Documents\GitHub\Homework05-23127116
2026-08-18 09:06:52,142 INFO o.a.j.JMeter: PWD       =C:\Users\nguye\Documents\GitHub\Homework05-23127116
2026-08-18 09:06:52,143 INFO o.a.j.JMeter: IP: 172.30.48.1 Name: LAPTOP-BKI58MTI FullName: LAPTOP-BKI58MTI.mshome.net
2026-08-18 09:06:52,158 INFO o.a.j.s.FileServer: Default base='C:\Users\nguye\Documents\GitHub\Homework05-23127116'
2026-08-18 09:06:52,161 INFO o.a.j.s.FileServer: Set new base='C:\Users\nguye\Documents\GitHub\Homework05-23127116\test-plans'
2026-08-18 09:06:52,356 INFO o.a.j.s.SaveService: Testplan (JMX) version: 2.2. Testlog (JTL) version: 2.2
2026-08-18 09:06:52,384 INFO o.a.j.s.SaveService: Using SaveService properties version 5.0
2026-08-18 09:06:52,387 INFO o.a.j.s.SaveService: Using SaveService properties file encoding UTF-8
2026-08-18 09:06:52,390 INFO o.a.j.s.SaveService: Loading file: C:\Users\nguye\Documents\GitHub\Homework05-23127116\test-plans\23127116_Load_20260818.jmx
2026-08-18 09:06:52,456 INFO o.a.j.p.h.s.HTTPSamplerBase: Parser for text/html is org.apache.jmeter.protocol.http.parser.LagartoBasedHtmlParser
2026-08-18 09:06:52,456 INFO o.a.j.p.h.s.HTTPSamplerBase: Parser for application/xhtml+xml is org.apache.jmeter.protocol.http.parser.LagartoBasedHtmlParser
2026-08-18 09:06:52,456 INFO o.a.j.p.h.s.HTTPSamplerBase: Parser for application/xml is org.apache.jmeter.protocol.http.parser.LagartoBasedHtmlParser
2026-08-18 09:06:52,456 INFO o.a.j.p.h.s.HTTPSamplerBase: Parser for text/xml is org.apache.jmeter.protocol.http.parser.LagartoBasedHtmlParser
2026-08-18 09:06:52,456 INFO o.a.j.p.h.s.HTTPSamplerBase: Parser for text/vnd.wap.wml is org.apache.jmeter.protocol.http.parser.RegexpHTMLParser
2026-08-18 09:06:52,457 INFO o.a.j.p.h.s.HTTPSamplerBase: Parser for text/css is org.apache.jmeter.protocol.http.parser.CssParser
2026-08-18 09:06:52,482 INFO o.a.j.JMeter: Creating summariser <summary>
2026-08-18 09:06:52,494 INFO o.a.j.e.StandardJMeterEngine: Running the test!
2026-08-18 09:06:52,495 INFO o.a.j.s.SampleEvent: List of sample_variables: []
2026-08-18 09:06:52,495 INFO o.a.j.s.SampleEvent: List of sample_variables: []
2026-08-18 09:06:52,501 INFO o.a.j.e.u.CompoundVariable: Note: Function class names must contain the string: '.functions.'
2026-08-18 09:06:52,502 INFO o.a.j.e.u.CompoundVariable: Note: Function class names must not contain the string: '.gui.'
2026-08-18 09:06:52,591 INFO o.a.j.JMeter: Running test (1787018812590)
2026-08-18 09:06:52,617 INFO o.a.j.e.StandardJMeterEngine: Starting ThreadGroup: 1 : Load - Product search
2026-08-18 09:06:52,617 INFO o.a.j.e.StandardJMeterEngine: Starting 25 threads for group Load - Product search.
2026-08-18 09:06:52,617 INFO o.a.j.e.StandardJMeterEngine: Thread will continue on error
2026-08-18 09:06:52,618 INFO o.a.j.t.ThreadGroup: Starting thread group... number=1 threads=25 ramp-up=5 delayedStart=false
2026-08-18 09:06:52,647 INFO o.a.j.t.ThreadGroup: Started thread group number 1
2026-08-18 09:06:52,647 INFO o.a.j.e.StandardJMeterEngine: All thread groups have been started
2026-08-18 09:06:52,696 INFO o.a.j.t.JMeterThread: Thread started: Load - Product search 1-1
2026-08-18 09:06:52,697 INFO o.a.j.s.FileServer: Stored: data/products.csv
2026-08-18 09:06:52,727 INFO o.a.j.p.h.s.HTTPHCAbstractImpl: Local host = LAPTOP-BKI58MTI
2026-08-18 09:06:52,732 INFO o.a.j.p.h.s.HTTPHC4Impl: HTTP request retry count = 0
2026-08-18 09:06:52,733 INFO o.a.j.s.SampleResult: Note: Sample TimeStamps are START times
2026-08-18 09:06:52,733 INFO o.a.j.s.SampleResult: sampleresult.default.encoding is set to UTF-8
2026-08-18 09:06:52,733 INFO o.a.j.s.SampleResult: sampleresult.useNanoTime=true
2026-08-18 09:06:52,734 INFO o.a.j.s.SampleResult: sampleresult.nanoThreadSleep=5000
2026-08-18 09:06:52,891 INFO o.a.j.t.JMeterThread: Thread started: Load - Product search 1-2
2026-08-18 09:06:53,090 INFO o.a.j.t.JMeterThread: Thread started: Load - Product search 1-3
2026-08-18 09:06:53,291 INFO o.a.j.t.JMeterThread: Thread started: Load - Product search 1-4
2026-08-18 09:06:53,490 INFO o.a.j.t.JMeterThread: Thread started: Load - Product search 1-5
2026-08-18 09:06:53,687 INFO o.a.j.t.JMeterThread: Thread started: Load - Product search 1-6
2026-08-18 09:06:53,885 INFO o.a.j.t.JMeterThread: Thread started: Load - Product search 1-7
2026-08-18 09:06:54,085 INFO o.a.j.t.JMeterThread: Thread started: Load - Product search 1-8
2026-08-18 09:06:54,286 INFO o.a.j.t.JMeterThread: Thread started: Load - Product search 1-9
2026-08-18 09:06:54,485 INFO o.a.j.t.JMeterThread: Thread started: Load - Product search 1-10
2026-08-18 09:06:54,683 INFO o.a.j.t.JMeterThread: Thread started: Load - Product search 1-11
2026-08-18 09:06:54,883 INFO o.a.j.t.JMeterThread: Thread started: Load - Product search 1-12
2026-08-18 09:06:55,082 INFO o.a.j.t.JMeterThread: Thread started: Load - Product search 1-13
2026-08-18 09:06:55,281 INFO o.a.j.t.JMeterThread: Thread started: Load - Product search 1-14
2026-08-18 09:06:55,478 INFO o.a.j.t.JMeterThread: Thread started: Load - Product search 1-15
2026-08-18 09:06:55,675 INFO o.a.j.t.JMeterThread: Thread started: Load - Product search 1-16
2026-08-18 09:06:55,874 INFO o.a.j.t.JMeterThread: Thread started: Load - Product search 1-17
2026-08-18 09:06:56,075 INFO o.a.j.t.JMeterThread: Thread started: Load - Product search 1-18
2026-08-18 09:06:56,274 INFO o.a.j.t.JMeterThread: Thread started: Load - Product search 1-19
2026-08-18 09:06:56,472 INFO o.a.j.t.JMeterThread: Thread started: Load - Product search 1-20
2026-08-18 09:06:56,672 INFO o.a.j.t.JMeterThread: Thread started: Load - Product search 1-21
2026-08-18 09:06:56,871 INFO o.a.j.t.JMeterThread: Thread started: Load - Product search 1-22
2026-08-18 09:06:57,069 INFO o.a.j.t.JMeterThread: Thread started: Load - Product search 1-23
2026-08-18 09:06:57,270 INFO o.a.j.t.JMeterThread: Thread started: Load - Product search 1-24
2026-08-18 09:06:57,468 INFO o.a.j.t.JMeterThread: Thread started: Load - Product search 1-25
2026-08-18 09:07:00,001 INFO o.a.j.r.Summariser: summary +  14685 in 00:00:07 = 1981.8/s Avg:     8 Min:     0 Max:    79 Err:     0 (0.00%) Active: 25 Started: 25 Finished: 0
2026-08-18 09:07:22,619 INFO o.a.j.t.JMeterThread: Stopping because end time detected by thread: Load - Product search 1-1
2026-08-18 09:07:22,620 INFO o.a.j.t.JMeterThread: Thread finished: Load - Product search 1-1
2026-08-18 09:07:22,624 INFO o.a.j.t.JMeterThread: Stopping because end time detected by thread: Load - Product search 1-3
2026-08-18 09:07:22,624 INFO o.a.j.t.JMeterThread: Thread finished: Load - Product search 1-3
2026-08-18 09:07:22,625 INFO o.a.j.t.JMeterThread: Stopping because end time detected by thread: Load - Product search 1-5
2026-08-18 09:07:22,625 INFO o.a.j.t.JMeterThread: Thread finished: Load - Product search 1-5
2026-08-18 09:07:22,628 INFO o.a.j.t.JMeterThread: Stopping because end time detected by thread: Load - Product search 1-6
2026-08-18 09:07:22,628 INFO o.a.j.t.JMeterThread: Stopping because end time detected by thread: Load - Product search 1-4
2026-08-18 09:07:22,628 INFO o.a.j.t.JMeterThread: Thread finished: Load - Product search 1-6
2026-08-18 09:07:22,628 INFO o.a.j.t.JMeterThread: Thread finished: Load - Product search 1-4
2026-08-18 09:07:22,632 INFO o.a.j.t.JMeterThread: Stopping because end time detected by thread: Load - Product search 1-8
2026-08-18 09:07:22,632 INFO o.a.j.t.JMeterThread: Stopping because end time detected by thread: Load - Product search 1-10
2026-08-18 09:07:22,632 INFO o.a.j.t.JMeterThread: Thread finished: Load - Product search 1-8
2026-08-18 09:07:22,632 INFO o.a.j.t.JMeterThread: Thread finished: Load - Product search 1-10
2026-08-18 09:07:22,632 INFO o.a.j.t.JMeterThread: Stopping because end time detected by thread: Load - Product search 1-9
2026-08-18 09:07:22,633 INFO o.a.j.t.JMeterThread: Thread finished: Load - Product search 1-9
2026-08-18 09:07:22,634 INFO o.a.j.t.JMeterThread: Stopping because end time detected by thread: Load - Product search 1-2
2026-08-18 09:07:22,634 INFO o.a.j.t.JMeterThread: Thread finished: Load - Product search 1-2
2026-08-18 09:07:22,637 INFO o.a.j.t.JMeterThread: Stopping because end time detected by thread: Load - Product search 1-7
2026-08-18 09:07:22,637 INFO o.a.j.t.JMeterThread: Thread finished: Load - Product search 1-7
2026-08-18 09:07:22,637 INFO o.a.j.t.JMeterThread: Stopping because end time detected by thread: Load - Product search 1-14
2026-08-18 09:07:22,637 INFO o.a.j.t.JMeterThread: Thread finished: Load - Product search 1-14
2026-08-18 09:07:22,639 INFO o.a.j.t.JMeterThread: Stopping because end time detected by thread: Load - Product search 1-13
2026-08-18 09:07:22,639 INFO o.a.j.t.JMeterThread: Thread finished: Load - Product search 1-13
2026-08-18 09:07:22,640 INFO o.a.j.t.JMeterThread: Stopping because end time detected by thread: Load - Product search 1-15
2026-08-18 09:07:22,640 INFO o.a.j.t.JMeterThread: Stopping because end time detected by thread: Load - Product search 1-18
2026-08-18 09:07:22,640 INFO o.a.j.t.JMeterThread: Thread finished: Load - Product search 1-15
2026-08-18 09:07:22,640 INFO o.a.j.t.JMeterThread: Thread finished: Load - Product search 1-18
2026-08-18 09:07:22,640 INFO o.a.j.t.JMeterThread: Stopping because end time detected by thread: Load - Product search 1-12
2026-08-18 09:07:22,640 INFO o.a.j.t.JMeterThread: Thread finished: Load - Product search 1-12
2026-08-18 09:07:22,641 INFO o.a.j.t.JMeterThread: Stopping because end time detected by thread: Load - Product search 1-19
2026-08-18 09:07:22,641 INFO o.a.j.t.JMeterThread: Thread finished: Load - Product search 1-19
2026-08-18 09:07:22,641 INFO o.a.j.t.JMeterThread: Stopping because end time detected by thread: Load - Product search 1-11
2026-08-18 09:07:22,641 INFO o.a.j.t.JMeterThread: Thread finished: Load - Product search 1-11
2026-08-18 09:07:22,642 INFO o.a.j.t.JMeterThread: Stopping because end time detected by thread: Load - Product search 1-16
2026-08-18 09:07:22,642 INFO o.a.j.t.JMeterThread: Stopping because end time detected by thread: Load - Product search 1-17
2026-08-18 09:07:22,642 INFO o.a.j.t.JMeterThread: Thread finished: Load - Product search 1-16
2026-08-18 09:07:22,642 INFO o.a.j.t.JMeterThread: Thread finished: Load - Product search 1-17
2026-08-18 09:07:22,642 INFO o.a.j.t.JMeterThread: Stopping because end time detected by thread: Load - Product search 1-21
2026-08-18 09:07:22,642 INFO o.a.j.t.JMeterThread: Thread finished: Load - Product search 1-21
2026-08-18 09:07:22,644 INFO o.a.j.t.JMeterThread: Stopping because end time detected by thread: Load - Product search 1-20
2026-08-18 09:07:22,644 INFO o.a.j.t.JMeterThread: Thread finished: Load - Product search 1-20
2026-08-18 09:07:22,644 INFO o.a.j.t.JMeterThread: Stopping because end time detected by thread: Load - Product search 1-22
2026-08-18 09:07:22,644 INFO o.a.j.t.JMeterThread: Thread finished: Load - Product search 1-22
2026-08-18 09:07:22,645 INFO o.a.j.t.JMeterThread: Stopping because end time detected by thread: Load - Product search 1-24
2026-08-18 09:07:22,645 INFO o.a.j.t.JMeterThread: Thread finished: Load - Product search 1-24
2026-08-18 09:07:22,645 INFO o.a.j.t.JMeterThread: Stopping because end time detected by thread: Load - Product search 1-23
2026-08-18 09:07:22,645 INFO o.a.j.t.JMeterThread: Thread finished: Load - Product search 1-23
2026-08-18 09:07:22,646 INFO o.a.j.t.JMeterThread: Stopping because end time detected by thread: Load - Product search 1-25
2026-08-18 09:07:22,646 INFO o.a.j.t.JMeterThread: Thread finished: Load - Product search 1-25
2026-08-18 09:07:22,646 INFO o.a.j.e.StandardJMeterEngine: Notifying test listeners of end of test
2026-08-18 09:07:22,646 INFO o.a.j.s.FileServer: Close: data/products.csv
2026-08-18 09:07:22,648 INFO o.a.j.r.Summariser: summary +  58250 in 00:00:23 = 2572.1/s Avg:     9 Min:     2 Max:    34 Err:     0 (0.00%) Active: 0 Started: 25 Finished: 25
2026-08-18 09:07:22,648 INFO o.a.j.r.Summariser: summary =  72935 in 00:00:30 = 2426.5/s Avg:     9 Min:     0 Max:    79 Err:     0 (0.00%)
