2026-08-18 08:46:42,238 INFO o.a.j.u.JMeterUtils: Setting Locale to vi_VN
2026-08-18 08:46:43,850 ERROR o.a.j.u.JMeterUtils: Could not find resources for 'vi_VN'
2026-08-18 08:46:43,850 INFO o.a.j.JMeter: Loading user properties from: C:\Users\nguye\Documents\GitHub\HW05-23127116\.tools\apache-jmeter-5.6.3\bin\user.properties
2026-08-18 08:46:43,851 INFO o.a.j.JMeter: Loading system properties from: C:\Users\nguye\Documents\GitHub\HW05-23127116\.tools\apache-jmeter-5.6.3\bin\system.properties
2026-08-18 08:46:43,851 INFO o.a.j.JMeter: Setting JMeter property: baseline_threads=1
2026-08-18 08:46:43,851 INFO o.a.j.JMeter: Setting JMeter property: baseline_ramp=1
2026-08-18 08:46:43,851 INFO o.a.j.JMeter: Setting JMeter property: baseline_before_duration=4
2026-08-18 08:46:43,851 INFO o.a.j.JMeter: Setting JMeter property: spike_threads=2
2026-08-18 08:46:43,851 INFO o.a.j.JMeter: Setting JMeter property: spike_ramp=1
2026-08-18 08:46:43,851 INFO o.a.j.JMeter: Setting JMeter property: spike_delay=4
2026-08-18 08:46:43,851 INFO o.a.j.JMeter: Setting JMeter property: spike_duration=4
2026-08-18 08:46:43,851 INFO o.a.j.JMeter: Setting JMeter property: recovery_threads=1
2026-08-18 08:46:43,851 INFO o.a.j.JMeter: Setting JMeter property: recovery_ramp=1
2026-08-18 08:46:43,851 INFO o.a.j.JMeter: Setting JMeter property: recovery_delay=8
2026-08-18 08:46:43,851 INFO o.a.j.JMeter: Setting JMeter property: recovery_duration=4
2026-08-18 08:46:43,851 INFO o.a.j.JMeter: Setting JMeter property: spike_pacing_ms=500
2026-08-18 08:46:43,857 INFO o.a.j.JMeter: Copyright (c) 1998-2024 The Apache Software Foundation
2026-08-18 08:46:43,857 INFO o.a.j.JMeter: Version 5.6.3
2026-08-18 08:46:43,857 INFO o.a.j.JMeter: java.version=17.0.19
2026-08-18 08:46:43,857 INFO o.a.j.JMeter: java.vm.name=OpenJDK 64-Bit Server VM
2026-08-18 08:46:43,857 INFO o.a.j.JMeter: os.name=Windows 11
2026-08-18 08:46:43,857 INFO o.a.j.JMeter: os.arch=amd64
2026-08-18 08:46:43,857 INFO o.a.j.JMeter: os.version=10.0
2026-08-18 08:46:43,857 INFO o.a.j.JMeter: file.encoding=Cp1258
2026-08-18 08:46:43,857 INFO o.a.j.JMeter: java.awt.headless=true
2026-08-18 08:46:43,857 INFO o.a.j.JMeter: Max memory     =4257218560
2026-08-18 08:46:43,857 INFO o.a.j.JMeter: Available Processors =12
2026-08-18 08:46:43,867 INFO o.a.j.JMeter: Default Locale=Ti?ng Vi?t (Vi?t Nam)
2026-08-18 08:46:43,867 INFO o.a.j.JMeter: JMeter  Locale=Ti?ng Vi?t (Vi?t Nam)
2026-08-18 08:46:43,867 INFO o.a.j.JMeter: JMeterHome=C:\Users\nguye\Documents\GitHub\HW05-23127116\.tools\apache-jmeter-5.6.3
2026-08-18 08:46:43,867 INFO o.a.j.JMeter: user.dir  =C:\Users\nguye\Documents\GitHub\HW05-23127116
2026-08-18 08:46:43,868 INFO o.a.j.JMeter: PWD       =C:\Users\nguye\Documents\GitHub\HW05-23127116
2026-08-18 08:46:43,870 INFO o.a.j.JMeter: IP: 172.30.48.1 Name: LAPTOP-BKI58MTI FullName: LAPTOP-BKI58MTI.mshome.net
2026-08-18 08:46:43,892 INFO o.a.j.s.FileServer: Default base='C:\Users\nguye\Documents\GitHub\HW05-23127116'
2026-08-18 08:46:43,895 INFO o.a.j.s.FileServer: Set new base='C:\Users\nguye\Documents\GitHub\HW05-23127116\.\test-plans'
2026-08-18 08:46:44,072 INFO o.a.j.s.SaveService: Testplan (JMX) version: 2.2. Testlog (JTL) version: 2.2
2026-08-18 08:46:44,100 INFO o.a.j.s.SaveService: Using SaveService properties version 5.0
2026-08-18 08:46:44,103 INFO o.a.j.s.SaveService: Using SaveService properties file encoding UTF-8
2026-08-18 08:46:44,106 INFO o.a.j.s.SaveService: Loading file: .\test-plans\23127116_Spike_20260818.jmx
2026-08-18 08:46:44,161 INFO o.a.j.p.h.s.HTTPSamplerBase: Parser for text/html is org.apache.jmeter.protocol.http.parser.LagartoBasedHtmlParser
2026-08-18 08:46:44,161 INFO o.a.j.p.h.s.HTTPSamplerBase: Parser for application/xhtml+xml is org.apache.jmeter.protocol.http.parser.LagartoBasedHtmlParser
2026-08-18 08:46:44,161 INFO o.a.j.p.h.s.HTTPSamplerBase: Parser for application/xml is org.apache.jmeter.protocol.http.parser.LagartoBasedHtmlParser
2026-08-18 08:46:44,161 INFO o.a.j.p.h.s.HTTPSamplerBase: Parser for text/xml is org.apache.jmeter.protocol.http.parser.LagartoBasedHtmlParser
2026-08-18 08:46:44,161 INFO o.a.j.p.h.s.HTTPSamplerBase: Parser for text/vnd.wap.wml is org.apache.jmeter.protocol.http.parser.RegexpHTMLParser
2026-08-18 08:46:44,161 INFO o.a.j.p.h.s.HTTPSamplerBase: Parser for text/css is org.apache.jmeter.protocol.http.parser.CssParser
2026-08-18 08:46:44,211 INFO o.a.j.JMeter: Creating summariser <summary>
2026-08-18 08:46:44,224 INFO o.a.j.e.StandardJMeterEngine: Running the test!
2026-08-18 08:46:44,225 INFO o.a.j.s.SampleEvent: List of sample_variables: []
2026-08-18 08:46:44,225 INFO o.a.j.s.SampleEvent: List of sample_variables: []
2026-08-18 08:46:44,230 INFO o.a.j.e.u.CompoundVariable: Note: Function class names must contain the string: '.functions.'
2026-08-18 08:46:44,230 INFO o.a.j.e.u.CompoundVariable: Note: Function class names must not contain the string: '.gui.'
2026-08-18 08:46:44,505 INFO o.a.j.JMeter: Running test (1787017604505)
2026-08-18 08:46:44,506 INFO o.a.j.e.StandardJMeterEngine: Starting setUp thread groups
2026-08-18 08:46:44,507 INFO o.a.j.e.StandardJMeterEngine: Starting setUp ThreadGroup: 1 : Setup - Admin login 
2026-08-18 08:46:44,507 INFO o.a.j.e.StandardJMeterEngine: Starting 1 threads for group Setup - Admin login.
2026-08-18 08:46:44,507 INFO o.a.j.e.StandardJMeterEngine: Test will stop on error
2026-08-18 08:46:44,507 INFO o.a.j.t.ThreadGroup: Starting thread group... number=1 threads=1 ramp-up=1 delayedStart=false
2026-08-18 08:46:44,510 INFO o.a.j.t.ThreadGroup: Started thread group number 1
2026-08-18 08:46:44,510 INFO o.a.j.e.StandardJMeterEngine: Waiting for all setup thread groups to exit
2026-08-18 08:46:44,517 INFO o.a.j.t.JMeterThread: Thread started: Setup - Admin login 1-1
2026-08-18 08:46:44,519 INFO o.a.j.s.FileServer: Stored: data/coupons.csv
2026-08-18 08:46:44,544 INFO o.a.j.p.h.s.HTTPHCAbstractImpl: Local host = LAPTOP-BKI58MTI
2026-08-18 08:46:44,549 INFO o.a.j.p.h.s.HTTPHC4Impl: HTTP request retry count = 0
2026-08-18 08:46:44,551 INFO o.a.j.s.SampleResult: Note: Sample TimeStamps are START times
2026-08-18 08:46:44,551 INFO o.a.j.s.SampleResult: sampleresult.default.encoding is set to UTF-8
2026-08-18 08:46:44,551 INFO o.a.j.s.SampleResult: sampleresult.useNanoTime=true
2026-08-18 08:46:44,551 INFO o.a.j.s.SampleResult: sampleresult.nanoThreadSleep=5000
2026-08-18 08:46:45,412 INFO o.a.j.t.JMeterThread: Thread is done: Setup - Admin login 1-1
2026-08-18 08:46:45,412 INFO o.a.j.t.JMeterThread: Thread finished: Setup - Admin login 1-1
2026-08-18 08:46:45,414 INFO o.a.j.e.StandardJMeterEngine: All Setup Threads have ended
2026-08-18 08:46:45,456 INFO o.a.j.e.StandardJMeterEngine: Starting ThreadGroup: 1 : Baseline before spike
2026-08-18 08:46:45,456 INFO o.a.j.e.StandardJMeterEngine: Starting 1 threads for group Baseline before spike.
2026-08-18 08:46:45,456 INFO o.a.j.e.StandardJMeterEngine: Thread will continue on error
2026-08-18 08:46:45,456 INFO o.a.j.t.ThreadGroup: Starting thread group... number=1 threads=1 ramp-up=1 delayedStart=false
2026-08-18 08:46:45,458 INFO o.a.j.t.ThreadGroup: Started thread group number 1
2026-08-18 08:46:45,458 INFO o.a.j.e.StandardJMeterEngine: Starting ThreadGroup: 2 : Sudden spike
2026-08-18 08:46:45,458 INFO o.a.j.e.StandardJMeterEngine: Starting 2 threads for group Sudden spike.
2026-08-18 08:46:45,458 INFO o.a.j.e.StandardJMeterEngine: Thread will continue on error
2026-08-18 08:46:45,458 INFO o.a.j.t.ThreadGroup: Starting thread group... number=2 threads=2 ramp-up=1 delayedStart=false
2026-08-18 08:46:45,458 INFO o.a.j.t.JMeterThread: Thread started: Baseline before spike 1-1
2026-08-18 08:46:45,459 INFO o.a.j.t.ThreadGroup: Started thread group number 2
2026-08-18 08:46:45,459 INFO o.a.j.e.StandardJMeterEngine: Starting ThreadGroup: 3 : Recovery after spike
2026-08-18 08:46:45,459 INFO o.a.j.e.StandardJMeterEngine: Starting 1 threads for group Recovery after spike.
2026-08-18 08:46:45,459 INFO o.a.j.e.StandardJMeterEngine: Thread will continue on error
2026-08-18 08:46:45,459 INFO o.a.j.t.ThreadGroup: Starting thread group... number=3 threads=1 ramp-up=1 delayedStart=false
2026-08-18 08:46:45,460 INFO o.a.j.t.ThreadGroup: Started thread group number 3
2026-08-18 08:46:45,460 INFO o.a.j.e.StandardJMeterEngine: All thread groups have been started
2026-08-18 08:46:49,460 INFO o.a.j.t.JMeterThread: Thread started: Sudden spike 2-1
2026-08-18 08:46:49,959 INFO o.a.j.t.JMeterThread: Thread started: Sudden spike 2-2
2026-08-18 08:46:53,459 INFO o.a.j.t.JMeterThread: Thread started: Recovery after spike 3-1
2026-08-18 08:46:54,007 INFO o.a.j.t.JMeterThread: Stopping because end time detected by thread: Sudden spike 2-2
2026-08-18 08:46:54,008 INFO o.a.j.t.JMeterThread: Stopping because end time detected by thread: Baseline before spike 1-1
2026-08-18 08:46:54,007 INFO o.a.j.t.JMeterThread: Stopping because end time detected by thread: Sudden spike 2-1
2026-08-18 08:46:54,010 INFO o.a.j.t.JMeterThread: Thread finished: Baseline before spike 1-1
2026-08-18 08:46:54,010 INFO o.a.j.t.JMeterThread: Thread finished: Sudden spike 2-1
2026-08-18 08:46:54,010 INFO o.a.j.t.JMeterThread: Thread finished: Sudden spike 2-2
2026-08-18 08:46:57,097 INFO o.a.j.t.JMeterThread: Thread finished: Recovery after spike 3-1
2026-08-18 08:46:57,097 INFO o.a.j.e.StandardJMeterEngine: Notifying test listeners of end of test
2026-08-18 08:46:57,097 INFO o.a.j.s.FileServer: Close: data/coupons.csv
2026-08-18 08:46:57,101 INFO o.a.j.r.Summariser: summary =     11 in 00:00:13 =    0,9/s Avg:  1478 Min:     7 Max:  8040 Err:     0 (0,00%)
