2026-08-18 09:51:05,696 INFO o.a.j.u.JMeterUtils: Setting Locale to en_EN
2026-08-18 09:51:05,714 INFO o.a.j.JMeter: Loading user properties from: C:\Users\nguye\Documents\GitHub\HW05-23127116\.tools\apache-jmeter-5.6.3\bin\user.properties
2026-08-18 09:51:05,715 INFO o.a.j.JMeter: Loading system properties from: C:\Users\nguye\Documents\GitHub\HW05-23127116\.tools\apache-jmeter-5.6.3\bin\system.properties
2026-08-18 09:51:05,715 INFO o.a.j.JMeter: Setting JMeter property: load_threads=50
2026-08-18 09:51:05,715 INFO o.a.j.JMeter: Setting JMeter property: load_ramp=30
2026-08-18 09:51:05,715 INFO o.a.j.JMeter: Setting JMeter property: load_duration=600
2026-08-18 09:51:05,715 INFO o.a.j.JMeter: Setting JMeter property: load_think_min_ms=80
2026-08-18 09:51:05,715 INFO o.a.j.JMeter: Setting JMeter property: load_think_range_ms=40
2026-08-18 09:51:05,722 INFO o.a.j.JMeter: Copyright (c) 1998-2024 The Apache Software Foundation
2026-08-18 09:51:05,722 INFO o.a.j.JMeter: Version 5.6.3
2026-08-18 09:51:05,723 INFO o.a.j.JMeter: java.version=17.0.19
2026-08-18 09:51:05,723 INFO o.a.j.JMeter: java.vm.name=OpenJDK 64-Bit Server VM
2026-08-18 09:51:05,723 INFO o.a.j.JMeter: os.name=Windows 11
2026-08-18 09:51:05,723 INFO o.a.j.JMeter: os.arch=amd64
2026-08-18 09:51:05,723 INFO o.a.j.JMeter: os.version=10.0
2026-08-18 09:51:05,723 INFO o.a.j.JMeter: file.encoding=Cp1258
2026-08-18 09:51:05,723 INFO o.a.j.JMeter: java.awt.headless=true
2026-08-18 09:51:05,723 INFO o.a.j.JMeter: Max memory     =1073741824
2026-08-18 09:51:05,723 INFO o.a.j.JMeter: Available Processors =12
2026-08-18 09:51:05,735 INFO o.a.j.JMeter: Default Locale=English (EN)
2026-08-18 09:51:05,737 INFO o.a.j.JMeter: JMeter  Locale=English (EN)
2026-08-18 09:51:05,737 INFO o.a.j.JMeter: JMeterHome=C:\Users\nguye\Documents\GitHub\HW05-23127116\.tools\apache-jmeter-5.6.3
2026-08-18 09:51:05,737 INFO o.a.j.JMeter: user.dir  =C:\Users\nguye\Documents\GitHub\Homework05-23127116
2026-08-18 09:51:05,738 INFO o.a.j.JMeter: PWD       =C:\Users\nguye\Documents\GitHub\Homework05-23127116
2026-08-18 09:51:05,739 INFO o.a.j.JMeter: IP: 172.30.48.1 Name: LAPTOP-BKI58MTI FullName: LAPTOP-BKI58MTI.mshome.net
2026-08-18 09:51:05,753 INFO o.a.j.JMeter: Setting property 'jmeter.reportgenerator.outputdir' to:'C:\Users\nguye\Documents\GitHub\Homework05-23127116\html-reports\endurance'
2026-08-18 09:51:05,756 INFO o.a.j.s.FileServer: Default base='C:\Users\nguye\Documents\GitHub\Homework05-23127116'
2026-08-18 09:51:05,758 INFO o.a.j.s.FileServer: Set new base='C:\Users\nguye\Documents\GitHub\Homework05-23127116\test-plans'
2026-08-18 09:51:05,934 INFO o.a.j.s.SaveService: Testplan (JMX) version: 2.2. Testlog (JTL) version: 2.2
2026-08-18 09:51:05,959 INFO o.a.j.s.SaveService: Using SaveService properties version 5.0
2026-08-18 09:51:05,961 INFO o.a.j.s.SaveService: Using SaveService properties file encoding UTF-8
2026-08-18 09:51:05,964 INFO o.a.j.s.SaveService: Loading file: C:\Users\nguye\Documents\GitHub\Homework05-23127116\test-plans\23127116_Load_20260818.jmx
2026-08-18 09:51:06,031 INFO o.a.j.p.h.s.HTTPSamplerBase: Parser for text/html is org.apache.jmeter.protocol.http.parser.LagartoBasedHtmlParser
2026-08-18 09:51:06,032 INFO o.a.j.p.h.s.HTTPSamplerBase: Parser for application/xhtml+xml is org.apache.jmeter.protocol.http.parser.LagartoBasedHtmlParser
2026-08-18 09:51:06,032 INFO o.a.j.p.h.s.HTTPSamplerBase: Parser for application/xml is org.apache.jmeter.protocol.http.parser.LagartoBasedHtmlParser
2026-08-18 09:51:06,032 INFO o.a.j.p.h.s.HTTPSamplerBase: Parser for text/xml is org.apache.jmeter.protocol.http.parser.LagartoBasedHtmlParser
2026-08-18 09:51:06,032 INFO o.a.j.p.h.s.HTTPSamplerBase: Parser for text/vnd.wap.wml is org.apache.jmeter.protocol.http.parser.RegexpHTMLParser
2026-08-18 09:51:06,032 INFO o.a.j.p.h.s.HTTPSamplerBase: Parser for text/css is org.apache.jmeter.protocol.http.parser.CssParser
2026-08-18 09:51:06,056 INFO o.a.j.JMeter: Creating summariser <summary>
2026-08-18 09:51:06,060 INFO o.a.j.r.d.ReportGenerator: ReportGenerator will use for Parsing the separator: ','
2026-08-18 09:51:06,060 INFO o.a.j.r.d.ReportGenerator: Will generate report at end of test from  results file: C:\Users\nguye\Documents\GitHub\Homework05-23127116\results\23127116_Endurance_20260818.jtl
2026-08-18 09:51:06,060 INFO o.a.j.r.d.ReportGenerator: Reading report generator properties from: C:\Users\nguye\Documents\GitHub\HW05-23127116\.tools\apache-jmeter-5.6.3\bin\reportgenerator.properties
2026-08-18 09:51:06,060 INFO o.a.j.r.d.ReportGenerator: Merging with JMeter properties
2026-08-18 09:51:06,065 INFO o.a.j.r.c.ReportGeneratorConfiguration: Property 'jmeter.reportgenerator.temp_dir' not found, using default value 'temp' instead.
2026-08-18 09:51:06,067 INFO o.a.j.r.c.ReportGeneratorConfiguration: Property 'jmeter.reportgenerator.apdex_per_transaction' not found, using default value 'null' instead.
2026-08-18 09:51:06,068 INFO o.a.j.r.c.ReportGeneratorConfiguration: apdex_per_transaction is empty, not APDEX per transaction customization
2026-08-18 09:51:06,068 INFO o.a.j.r.c.ReportGeneratorConfiguration: Property 'jmeter.reportgenerator.sample_filter' not found, using default value 'null' instead.
2026-08-18 09:51:06,068 INFO o.a.j.r.c.ReportGeneratorConfiguration: Property 'jmeter.reportgenerator.report_title' not found, using default value 'null' instead.
2026-08-18 09:51:06,068 INFO o.a.j.r.c.ReportGeneratorConfiguration: Property 'jmeter.reportgenerator.start_date' not found, using default value 'null' instead.
2026-08-18 09:51:06,068 INFO o.a.j.r.c.ReportGeneratorConfiguration: Property 'jmeter.reportgenerator.end_date' not found, using default value 'null' instead.
2026-08-18 09:51:06,068 INFO o.a.j.r.c.ReportGeneratorConfiguration: Property 'jmeter.reportgenerator.date_format' not found, using default value 'null' instead.
2026-08-18 09:51:06,069 INFO o.a.j.r.c.ReportGeneratorConfiguration: Will use date range start date: null, end date: null
2026-08-18 09:51:06,072 INFO o.a.j.r.c.ReportGeneratorConfiguration: Property 'jmeter.reportgenerator.graph.totalTPS.exclude_controllers' not found, using default value 'false' instead.
2026-08-18 09:51:06,072 INFO o.a.j.r.c.ReportGeneratorConfiguration: Property 'jmeter.reportgenerator.graph.activeThreadsOverTime.exclude_controllers' not found, using default value 'false' instead.
2026-08-18 09:51:06,072 INFO o.a.j.r.c.ReportGeneratorConfiguration: Property 'jmeter.reportgenerator.graph.timeVsThreads.exclude_controllers' not found, using default value 'false' instead.
2026-08-18 09:51:06,072 INFO o.a.j.r.c.ReportGeneratorConfiguration: Property 'jmeter.reportgenerator.graph.responseTimeDistribution.exclude_controllers' not found, using default value 'false' instead.
2026-08-18 09:51:06,072 INFO o.a.j.r.c.ReportGeneratorConfiguration: Property 'jmeter.reportgenerator.graph.transactionsPerSecond.exclude_controllers' not found, using default value 'false' instead.
2026-08-18 09:51:06,073 INFO o.a.j.r.c.ReportGeneratorConfiguration: Property 'jmeter.reportgenerator.graph.responseTimePercentiles.exclude_controllers' not found, using default value 'false' instead.
2026-08-18 09:51:06,073 INFO o.a.j.r.c.ReportGeneratorConfiguration: Property 'jmeter.reportgenerator.graph.responseTimePercentilesOverTime.exclude_controllers' not found, using default value 'false' instead.
2026-08-18 09:51:06,073 INFO o.a.j.r.c.ReportGeneratorConfiguration: Property 'jmeter.reportgenerator.graph.responseTimesOverTime.exclude_controllers' not found, using default value 'false' instead.
2026-08-18 09:51:06,073 INFO o.a.j.r.c.ReportGeneratorConfiguration: Property 'jmeter.reportgenerator.graph.connectTimeOverTime.exclude_controllers' not found, using default value 'false' instead.
2026-08-18 09:51:06,073 INFO o.a.j.r.c.ReportGeneratorConfiguration: Property 'jmeter.reportgenerator.graph.latenciesOverTime.exclude_controllers' not found, using default value 'false' instead.
2026-08-18 09:51:06,074 INFO o.a.j.r.c.ReportGeneratorConfiguration: Property 'jmeter.reportgenerator.exporter.json.filters_only_sample_series' not found, using default value 'true' instead.
2026-08-18 09:51:06,074 INFO o.a.j.r.c.ReportGeneratorConfiguration: Property 'jmeter.reportgenerator.exporter.json.series_filter' not found, using default value '' instead.
2026-08-18 09:51:06,075 INFO o.a.j.r.c.ReportGeneratorConfiguration: Property 'jmeter.reportgenerator.exporter.json.show_controllers_only' not found, using default value 'false' instead.
2026-08-18 09:51:06,075 INFO o.a.j.r.c.ReportGeneratorConfiguration: Property 'jmeter.reportgenerator.exporter.html.filters_only_sample_series' not found, using default value 'true' instead.
2026-08-18 09:51:06,075 INFO o.a.j.r.c.ReportGeneratorConfiguration: Property 'jmeter.reportgenerator.exporter.html.series_filter' not found, using default value '' instead.
2026-08-18 09:51:06,075 INFO o.a.j.r.c.ReportGeneratorConfiguration: Property 'jmeter.reportgenerator.exporter.html.show_controllers_only' not found, using default value 'false' instead.
2026-08-18 09:51:06,088 INFO o.a.j.e.StandardJMeterEngine: Running the test!
2026-08-18 09:51:06,088 INFO o.a.j.s.SampleEvent: List of sample_variables: []
2026-08-18 09:51:06,088 INFO o.a.j.s.SampleEvent: List of sample_variables: []
2026-08-18 09:51:06,093 INFO o.a.j.e.u.CompoundVariable: Note: Function class names must contain the string: '.functions.'
2026-08-18 09:51:06,093 INFO o.a.j.e.u.CompoundVariable: Note: Function class names must not contain the string: '.gui.'
2026-08-18 09:51:06,175 INFO o.a.j.JMeter: Running test (1787021466175)
2026-08-18 09:51:06,195 INFO o.a.j.e.StandardJMeterEngine: Starting ThreadGroup: 1 : Load - Product search
2026-08-18 09:51:06,196 INFO o.a.j.e.StandardJMeterEngine: Starting 50 threads for group Load - Product search.
2026-08-18 09:51:06,196 INFO o.a.j.e.StandardJMeterEngine: Thread will continue on error
2026-08-18 09:51:06,196 INFO o.a.j.t.ThreadGroup: Starting thread group... number=1 threads=50 ramp-up=30 delayedStart=false
2026-08-18 09:51:06,228 INFO o.a.j.t.ThreadGroup: Started thread group number 1
2026-08-18 09:51:06,229 INFO o.a.j.e.StandardJMeterEngine: All thread groups have been started
2026-08-18 09:51:06,279 INFO o.a.j.t.JMeterThread: Thread started: Load - Product search 1-1
2026-08-18 09:51:06,282 INFO o.a.j.s.FileServer: Stored: data/products.csv
2026-08-18 09:51:06,418 INFO o.a.j.p.h.s.HTTPHCAbstractImpl: Local host = LAPTOP-BKI58MTI
2026-08-18 09:51:06,424 INFO o.a.j.p.h.s.HTTPHC4Impl: HTTP request retry count = 0
2026-08-18 09:51:06,426 INFO o.a.j.s.SampleResult: Note: Sample TimeStamps are START times
2026-08-18 09:51:06,426 INFO o.a.j.s.SampleResult: sampleresult.default.encoding is set to UTF-8
2026-08-18 09:51:06,426 INFO o.a.j.s.SampleResult: sampleresult.useNanoTime=true
2026-08-18 09:51:06,427 INFO o.a.j.s.SampleResult: sampleresult.nanoThreadSleep=5000
2026-08-18 09:51:06,876 INFO o.a.j.t.JMeterThread: Thread started: Load - Product search 1-2
2026-08-18 09:51:07,474 INFO o.a.j.t.JMeterThread: Thread started: Load - Product search 1-3
2026-08-18 09:51:08,073 INFO o.a.j.t.JMeterThread: Thread started: Load - Product search 1-4
2026-08-18 09:51:08,675 INFO o.a.j.t.JMeterThread: Thread started: Load - Product search 1-5
2026-08-18 09:51:09,273 INFO o.a.j.t.JMeterThread: Thread started: Load - Product search 1-6
2026-08-18 09:51:09,870 INFO o.a.j.t.JMeterThread: Thread started: Load - Product search 1-7
2026-08-18 09:51:10,470 INFO o.a.j.t.JMeterThread: Thread started: Load - Product search 1-8
2026-08-18 09:51:11,071 INFO o.a.j.t.JMeterThread: Thread started: Load - Product search 1-9
2026-08-18 09:51:11,670 INFO o.a.j.t.JMeterThread: Thread started: Load - Product search 1-10
2026-08-18 09:51:12,268 INFO o.a.j.t.JMeterThread: Thread started: Load - Product search 1-11
2026-08-18 09:51:12,869 INFO o.a.j.t.JMeterThread: Thread started: Load - Product search 1-12
2026-08-18 09:51:13,469 INFO o.a.j.t.JMeterThread: Thread started: Load - Product search 1-13
2026-08-18 09:51:14,066 INFO o.a.j.t.JMeterThread: Thread started: Load - Product search 1-14
2026-08-18 09:51:14,665 INFO o.a.j.t.JMeterThread: Thread started: Load - Product search 1-15
2026-08-18 09:51:15,265 INFO o.a.j.t.JMeterThread: Thread started: Load - Product search 1-16
2026-08-18 09:51:15,863 INFO o.a.j.t.JMeterThread: Thread started: Load - Product search 1-17
2026-08-18 09:51:16,463 INFO o.a.j.t.JMeterThread: Thread started: Load - Product search 1-18
2026-08-18 09:51:17,063 INFO o.a.j.t.JMeterThread: Thread started: Load - Product search 1-19
2026-08-18 09:51:17,662 INFO o.a.j.t.JMeterThread: Thread started: Load - Product search 1-20
2026-08-18 09:51:18,263 INFO o.a.j.t.JMeterThread: Thread started: Load - Product search 1-21
2026-08-18 09:51:18,863 INFO o.a.j.t.JMeterThread: Thread started: Load - Product search 1-22
2026-08-18 09:51:19,462 INFO o.a.j.t.JMeterThread: Thread started: Load - Product search 1-23
2026-08-18 09:51:20,061 INFO o.a.j.t.JMeterThread: Thread started: Load - Product search 1-24
2026-08-18 09:51:20,661 INFO o.a.j.t.JMeterThread: Thread started: Load - Product search 1-25
2026-08-18 09:51:21,262 INFO o.a.j.t.JMeterThread: Thread started: Load - Product search 1-26
2026-08-18 09:51:21,861 INFO o.a.j.t.JMeterThread: Thread started: Load - Product search 1-27
2026-08-18 09:51:22,458 INFO o.a.j.t.JMeterThread: Thread started: Load - Product search 1-28
2026-08-18 09:51:23,060 INFO o.a.j.t.JMeterThread: Thread started: Load - Product search 1-29
2026-08-18 09:51:23,656 INFO o.a.j.t.JMeterThread: Thread started: Load - Product search 1-30
2026-08-18 09:51:24,258 INFO o.a.j.t.JMeterThread: Thread started: Load - Product search 1-31
2026-08-18 09:51:24,857 INFO o.a.j.t.JMeterThread: Thread started: Load - Product search 1-32
2026-08-18 09:51:25,456 INFO o.a.j.t.JMeterThread: Thread started: Load - Product search 1-33
2026-08-18 09:51:26,054 INFO o.a.j.t.JMeterThread: Thread started: Load - Product search 1-34
2026-08-18 09:51:26,655 INFO o.a.j.t.JMeterThread: Thread started: Load - Product search 1-35
2026-08-18 09:51:27,251 INFO o.a.j.t.JMeterThread: Thread started: Load - Product search 1-36
2026-08-18 09:51:27,854 INFO o.a.j.t.JMeterThread: Thread started: Load - Product search 1-37
2026-08-18 09:51:28,454 INFO o.a.j.t.JMeterThread: Thread started: Load - Product search 1-38
2026-08-18 09:51:29,052 INFO o.a.j.t.JMeterThread: Thread started: Load - Product search 1-39
2026-08-18 09:51:29,652 INFO o.a.j.t.JMeterThread: Thread started: Load - Product search 1-40
2026-08-18 09:51:30,004 INFO o.a.j.r.Summariser: summary +   4711 in 00:00:24 =  197.7/s Avg:     1 Min:     0 Max:    41 Err:     0 (0.00%) Active: 40 Started: 40 Finished: 0
2026-08-18 09:51:30,250 INFO o.a.j.t.JMeterThread: Thread started: Load - Product search 1-41
2026-08-18 09:51:30,849 INFO o.a.j.t.JMeterThread: Thread started: Load - Product search 1-42
2026-08-18 09:51:31,451 INFO o.a.j.t.JMeterThread: Thread started: Load - Product search 1-43
2026-08-18 09:51:32,050 INFO o.a.j.t.JMeterThread: Thread started: Load - Product search 1-44
2026-08-18 09:51:32,650 INFO o.a.j.t.JMeterThread: Thread started: Load - Product search 1-45
2026-08-18 09:51:33,247 INFO o.a.j.t.JMeterThread: Thread started: Load - Product search 1-46
2026-08-18 09:51:33,850 INFO o.a.j.t.JMeterThread: Thread started: Load - Product search 1-47
2026-08-18 09:51:34,447 INFO o.a.j.t.JMeterThread: Thread started: Load - Product search 1-48
2026-08-18 09:51:35,048 INFO o.a.j.t.JMeterThread: Thread started: Load - Product search 1-49
2026-08-18 09:51:35,646 INFO o.a.j.t.JMeterThread: Thread started: Load - Product search 1-50
2026-08-18 09:52:00,000 INFO o.a.j.r.Summariser: summary +  14463 in 00:00:30 =  482.1/s Avg:     1 Min:     0 Max:     7 Err:     0 (0.00%) Active: 50 Started: 50 Finished: 0
2026-08-18 09:52:00,001 INFO o.a.j.r.Summariser: summary =  19174 in 00:00:54 =  356.2/s Avg:     1 Min:     0 Max:    41 Err:     0 (0.00%)
2026-08-18 09:52:30,001 INFO o.a.j.r.Summariser: summary +  14803 in 00:00:30 =  493.4/s Avg:     1 Min:     0 Max:    15 Err:     0 (0.00%) Active: 50 Started: 50 Finished: 0
2026-08-18 09:52:30,001 INFO o.a.j.r.Summariser: summary =  33977 in 00:01:24 =  405.3/s Avg:     1 Min:     0 Max:    41 Err:     0 (0.00%)
2026-08-18 09:53:00,002 INFO o.a.j.r.Summariser: summary +  14779 in 00:00:30 =  492.6/s Avg:     0 Min:     0 Max:    10 Err:     0 (0.00%) Active: 50 Started: 50 Finished: 0
2026-08-18 09:53:00,002 INFO o.a.j.r.Summariser: summary =  48756 in 00:01:54 =  428.3/s Avg:     1 Min:     0 Max:    41 Err:     0 (0.00%)
2026-08-18 09:53:30,000 INFO o.a.j.r.Summariser: summary +  14749 in 00:00:30 =  491.7/s Avg:     0 Min:     0 Max:     8 Err:     0 (0.00%) Active: 50 Started: 50 Finished: 0
2026-08-18 09:53:30,001 INFO o.a.j.r.Summariser: summary =  63505 in 00:02:24 =  441.5/s Avg:     1 Min:     0 Max:    41 Err:     0 (0.00%)
2026-08-18 09:54:00,003 INFO o.a.j.r.Summariser: summary +  14785 in 00:00:30 =  492.8/s Avg:     0 Min:     0 Max:     5 Err:     0 (0.00%) Active: 50 Started: 50 Finished: 0
2026-08-18 09:54:00,004 INFO o.a.j.r.Summariser: summary =  78290 in 00:02:54 =  450.4/s Avg:     0 Min:     0 Max:    41 Err:     0 (0.00%)
2026-08-18 09:54:30,003 INFO o.a.j.r.Summariser: summary +  14765 in 00:00:30 =  492.2/s Avg:     0 Min:     0 Max:    47 Err:     0 (0.00%) Active: 50 Started: 50 Finished: 0
2026-08-18 09:54:30,004 INFO o.a.j.r.Summariser: summary =  93055 in 00:03:24 =  456.5/s Avg:     0 Min:     0 Max:    47 Err:     0 (0.00%)
2026-08-18 09:55:00,005 INFO o.a.j.r.Summariser: summary +  14720 in 00:00:30 =  490.6/s Avg:     1 Min:     0 Max:    68 Err:     0 (0.00%) Active: 50 Started: 50 Finished: 0
2026-08-18 09:55:00,006 INFO o.a.j.r.Summariser: summary = 107775 in 00:03:54 =  460.9/s Avg:     1 Min:     0 Max:    68 Err:     0 (0.00%)
2026-08-18 09:55:30,003 INFO o.a.j.r.Summariser: summary +  14740 in 00:00:30 =  491.4/s Avg:     1 Min:     0 Max:    32 Err:     0 (0.00%) Active: 50 Started: 50 Finished: 0
2026-08-18 09:55:30,004 INFO o.a.j.r.Summariser: summary = 122515 in 00:04:24 =  464.4/s Avg:     1 Min:     0 Max:    68 Err:     0 (0.00%)
2026-08-18 09:56:00,005 INFO o.a.j.r.Summariser: summary +  14757 in 00:00:30 =  491.9/s Avg:     1 Min:     0 Max:    12 Err:     0 (0.00%) Active: 50 Started: 50 Finished: 0
2026-08-18 09:56:00,006 INFO o.a.j.r.Summariser: summary = 137272 in 00:04:54 =  467.2/s Avg:     1 Min:     0 Max:    68 Err:     0 (0.00%)
2026-08-18 09:56:30,008 INFO o.a.j.r.Summariser: summary +  14097 in 00:00:30 =  469.8/s Avg:     2 Min:     0 Max:    17 Err:     0 (0.00%) Active: 50 Started: 50 Finished: 0
2026-08-18 09:56:30,009 INFO o.a.j.r.Summariser: summary = 151369 in 00:05:24 =  467.4/s Avg:     1 Min:     0 Max:    68 Err:     0 (0.00%)
2026-08-18 09:57:00,006 INFO o.a.j.r.Summariser: summary +  13605 in 00:00:30 =  453.5/s Avg:     3 Min:     0 Max:    10 Err:     0 (0.00%) Active: 50 Started: 50 Finished: 0
2026-08-18 09:57:00,006 INFO o.a.j.r.Summariser: summary = 164974 in 00:05:54 =  466.3/s Avg:     1 Min:     0 Max:    68 Err:     0 (0.00%)
2026-08-18 09:57:30,003 INFO o.a.j.r.Summariser: summary +  13634 in 00:00:30 =  454.5/s Avg:     3 Min:     1 Max:    10 Err:     0 (0.00%) Active: 50 Started: 50 Finished: 0
2026-08-18 09:57:30,003 INFO o.a.j.r.Summariser: summary = 178608 in 00:06:24 =  465.3/s Avg:     1 Min:     0 Max:    68 Err:     0 (0.00%)
2026-08-18 09:58:00,001 INFO o.a.j.r.Summariser: summary +  13622 in 00:00:30 =  454.1/s Avg:     3 Min:     0 Max:    16 Err:     0 (0.00%) Active: 50 Started: 50 Finished: 0
2026-08-18 09:58:00,001 INFO o.a.j.r.Summariser: summary = 192230 in 00:06:54 =  464.5/s Avg:     1 Min:     0 Max:    68 Err:     0 (0.00%)
2026-08-18 09:58:30,001 INFO o.a.j.r.Summariser: summary +  14421 in 00:00:30 =  480.7/s Avg:     1 Min:     0 Max:    12 Err:     0 (0.00%) Active: 50 Started: 50 Finished: 0
2026-08-18 09:58:30,001 INFO o.a.j.r.Summariser: summary = 206651 in 00:07:24 =  465.6/s Avg:     1 Min:     0 Max:    68 Err:     0 (0.00%)
2026-08-18 09:59:00,005 INFO o.a.j.r.Summariser: summary +  14800 in 00:00:30 =  493.3/s Avg:     0 Min:     0 Max:     5 Err:     0 (0.00%) Active: 50 Started: 50 Finished: 0
2026-08-18 09:59:00,006 INFO o.a.j.r.Summariser: summary = 221451 in 00:07:54 =  467.4/s Avg:     1 Min:     0 Max:    68 Err:     0 (0.00%)
2026-08-18 09:59:30,002 INFO o.a.j.r.Summariser: summary +  14763 in 00:00:30 =  492.1/s Avg:     1 Min:     0 Max:    12 Err:     0 (0.00%) Active: 50 Started: 50 Finished: 0
2026-08-18 09:59:30,002 INFO o.a.j.r.Summariser: summary = 236214 in 00:08:24 =  468.8/s Avg:     1 Min:     0 Max:    68 Err:     0 (0.00%)
2026-08-18 10:00:00,004 INFO o.a.j.r.Summariser: summary +  14582 in 00:00:30 =  486.1/s Avg:     2 Min:     0 Max:   138 Err:     0 (0.00%) Active: 50 Started: 50 Finished: 0
2026-08-18 10:00:00,004 INFO o.a.j.r.Summariser: summary = 250796 in 00:08:54 =  469.8/s Avg:     1 Min:     0 Max:   138 Err:     0 (0.00%)
2026-08-18 10:00:30,003 INFO o.a.j.r.Summariser: summary +  14250 in 00:00:30 =  475.0/s Avg:     4 Min:     0 Max:   268 Err:     0 (0.00%) Active: 50 Started: 50 Finished: 0
2026-08-18 10:00:30,003 INFO o.a.j.r.Summariser: summary = 265046 in 00:09:24 =  470.1/s Avg:     1 Min:     0 Max:   268 Err:     0 (0.00%)
2026-08-18 10:01:00,024 INFO o.a.j.r.Summariser: summary +  14189 in 00:00:30 =  472.7/s Avg:     4 Min:     0 Max:   291 Err:     0 (0.00%) Active: 50 Started: 50 Finished: 0
2026-08-18 10:01:00,025 INFO o.a.j.r.Summariser: summary = 279235 in 00:09:54 =  470.2/s Avg:     1 Min:     0 Max:   291 Err:     0 (0.00%)
2026-08-18 10:01:06,101 INFO o.a.j.t.JMeterThread: Thread finished: Load - Product search 1-1
2026-08-18 10:01:06,106 INFO o.a.j.t.JMeterThread: Thread finished: Load - Product search 1-24
2026-08-18 10:01:06,107 INFO o.a.j.t.JMeterThread: Thread finished: Load - Product search 1-20
2026-08-18 10:01:06,112 INFO o.a.j.t.JMeterThread: Thread finished: Load - Product search 1-37
2026-08-18 10:01:06,112 INFO o.a.j.t.JMeterThread: Thread finished: Load - Product search 1-5
2026-08-18 10:01:06,117 INFO o.a.j.t.JMeterThread: Thread finished: Load - Product search 1-4
2026-08-18 10:01:06,118 INFO o.a.j.t.JMeterThread: Thread finished: Load - Product search 1-27
2026-08-18 10:01:06,118 INFO o.a.j.t.JMeterThread: Thread finished: Load - Product search 1-7
2026-08-18 10:01:06,137 INFO o.a.j.t.JMeterThread: Thread finished: Load - Product search 1-42
2026-08-18 10:01:06,138 INFO o.a.j.t.JMeterThread: Thread finished: Load - Product search 1-22
2026-08-18 10:01:06,142 INFO o.a.j.t.JMeterThread: Thread finished: Load - Product search 1-39
2026-08-18 10:01:06,154 INFO o.a.j.t.JMeterThread: Thread finished: Load - Product search 1-47
2026-08-18 10:01:06,155 INFO o.a.j.t.JMeterThread: Thread finished: Load - Product search 1-10
2026-08-18 10:01:06,156 INFO o.a.j.t.JMeterThread: Thread finished: Load - Product search 1-6
2026-08-18 10:01:06,157 INFO o.a.j.t.JMeterThread: Thread finished: Load - Product search 1-12
2026-08-18 10:01:06,167 INFO o.a.j.t.JMeterThread: Thread finished: Load - Product search 1-41
2026-08-18 10:01:06,167 INFO o.a.j.t.JMeterThread: Thread finished: Load - Product search 1-18
2026-08-18 10:01:06,174 INFO o.a.j.t.JMeterThread: Thread finished: Load - Product search 1-36
2026-08-18 10:01:06,174 INFO o.a.j.t.JMeterThread: Thread finished: Load - Product search 1-8
2026-08-18 10:01:06,174 INFO o.a.j.t.JMeterThread: Thread finished: Load - Product search 1-13
2026-08-18 10:01:06,175 INFO o.a.j.t.JMeterThread: Thread finished: Load - Product search 1-9
2026-08-18 10:01:06,180 INFO o.a.j.t.JMeterThread: Thread finished: Load - Product search 1-16
2026-08-18 10:01:06,180 INFO o.a.j.t.JMeterThread: Thread finished: Load - Product search 1-28
2026-08-18 10:01:06,189 INFO o.a.j.t.JMeterThread: Thread finished: Load - Product search 1-43
2026-08-18 10:01:06,189 INFO o.a.j.t.JMeterThread: Thread finished: Load - Product search 1-44
2026-08-18 10:01:06,190 INFO o.a.j.t.JMeterThread: Thread finished: Load - Product search 1-11
2026-08-18 10:01:06,190 INFO o.a.j.t.JMeterThread: Thread finished: Load - Product search 1-3
2026-08-18 10:01:06,190 INFO o.a.j.t.JMeterThread: Thread finished: Load - Product search 1-50
2026-08-18 10:01:06,197 INFO o.a.j.t.JMeterThread: Thread finished: Load - Product search 1-45
2026-08-18 10:01:06,197 INFO o.a.j.t.JMeterThread: Thread finished: Load - Product search 1-46
2026-08-18 10:01:06,203 INFO o.a.j.t.JMeterThread: Stopping because end time detected by thread: Load - Product search 1-2
2026-08-18 10:01:06,204 INFO o.a.j.t.JMeterThread: Thread finished: Load - Product search 1-2
2026-08-18 10:01:06,204 INFO o.a.j.t.JMeterThread: Thread finished: Load - Product search 1-38
2026-08-18 10:01:06,204 INFO o.a.j.t.JMeterThread: Thread finished: Load - Product search 1-48
2026-08-18 10:01:06,206 INFO o.a.j.t.JMeterThread: Thread finished: Load - Product search 1-31
2026-08-18 10:01:06,209 INFO o.a.j.t.JMeterThread: Thread finished: Load - Product search 1-25
2026-08-18 10:01:06,210 INFO o.a.j.t.JMeterThread: Thread finished: Load - Product search 1-26
2026-08-18 10:01:06,212 INFO o.a.j.t.JMeterThread: Thread finished: Load - Product search 1-21
2026-08-18 10:01:06,213 INFO o.a.j.t.JMeterThread: Stopping because end time detected by thread: Load - Product search 1-17
2026-08-18 10:01:06,213 INFO o.a.j.t.JMeterThread: Thread finished: Load - Product search 1-17
2026-08-18 10:01:06,213 INFO o.a.j.t.JMeterThread: Stopping because end time detected by thread: Load - Product search 1-15
2026-08-18 10:01:06,214 INFO o.a.j.t.JMeterThread: Thread finished: Load - Product search 1-15
2026-08-18 10:01:06,220 INFO o.a.j.t.JMeterThread: Thread finished: Load - Product search 1-40
2026-08-18 10:01:06,220 INFO o.a.j.t.JMeterThread: Thread finished: Load - Product search 1-35
2026-08-18 10:01:06,220 INFO o.a.j.t.JMeterThread: Stopping because end time detected by thread: Load - Product search 1-32
2026-08-18 10:01:06,221 INFO o.a.j.t.JMeterThread: Thread finished: Load - Product search 1-32
2026-08-18 10:01:06,222 INFO o.a.j.t.JMeterThread: Thread finished: Load - Product search 1-49
2026-08-18 10:01:06,225 INFO o.a.j.t.JMeterThread: Stopping because end time detected by thread: Load - Product search 1-14
2026-08-18 10:01:06,225 INFO o.a.j.t.JMeterThread: Stopping because end time detected by thread: Load - Product search 1-34
2026-08-18 10:01:06,225 INFO o.a.j.t.JMeterThread: Thread finished: Load - Product search 1-14
2026-08-18 10:01:06,225 INFO o.a.j.t.JMeterThread: Thread finished: Load - Product search 1-34
2026-08-18 10:01:06,226 INFO o.a.j.t.JMeterThread: Stopping because end time detected by thread: Load - Product search 1-30
2026-08-18 10:01:06,226 INFO o.a.j.t.JMeterThread: Stopping because end time detected by thread: Load - Product search 1-29
2026-08-18 10:01:06,226 INFO o.a.j.t.JMeterThread: Thread finished: Load - Product search 1-30
2026-08-18 10:01:06,226 INFO o.a.j.t.JMeterThread: Thread finished: Load - Product search 1-29
2026-08-18 10:01:06,226 INFO o.a.j.t.JMeterThread: Stopping because end time detected by thread: Load - Product search 1-19
2026-08-18 10:01:06,226 INFO o.a.j.t.JMeterThread: Stopping because end time detected by thread: Load - Product search 1-23
2026-08-18 10:01:06,226 INFO o.a.j.t.JMeterThread: Thread finished: Load - Product search 1-23
2026-08-18 10:01:06,226 INFO o.a.j.t.JMeterThread: Thread finished: Load - Product search 1-19
2026-08-18 10:01:06,227 INFO o.a.j.t.JMeterThread: Stopping because end time detected by thread: Load - Product search 1-33
2026-08-18 10:01:06,227 INFO o.a.j.t.JMeterThread: Thread finished: Load - Product search 1-33
2026-08-18 10:01:06,228 INFO o.a.j.e.StandardJMeterEngine: Notifying test listeners of end of test
2026-08-18 10:01:06,228 INFO o.a.j.s.FileServer: Close: data/products.csv
2026-08-18 10:01:06,229 INFO o.a.j.r.Summariser: summary +   2410 in 00:00:06 =  388.3/s Avg:    30 Min:     0 Max:   369 Err:     0 (0.00%) Active: 0 Started: 50 Finished: 50
2026-08-18 10:01:06,229 INFO o.a.j.r.Summariser: summary = 281645 in 00:10:00 =  469.4/s Avg:     2 Min:     0 Max:   369 Err:     0 (0.00%)
2026-08-18 10:01:06,230 INFO o.a.j.JMeter: Generating Dashboard
2026-08-18 10:01:06,230 INFO o.a.j.r.d.ReportGenerator: Flushing result collector before report Generation
2026-08-18 10:01:06,284 INFO o.a.j.r.p.NormalizerSampleConsumer: Using format, 'ms', to parse timeStamp field
2026-08-18 10:01:10,758 INFO o.a.j.r.p.AbstractSampleConsumer: class org.apache.jmeter.report.processor.AggregateConsumer#stopProducing(): beginDate produced 0 samples
2026-08-18 10:01:10,759 INFO o.a.j.r.p.AbstractSampleConsumer: class org.apache.jmeter.report.processor.AggregateConsumer#stopProducing(): endDate produced 0 samples
2026-08-18 10:01:10,764 INFO o.a.j.r.p.AbstractSampleConsumer: class org.apache.jmeter.report.processor.ApdexSummaryConsumer#stopProducing(): apdexSummary produced 0 samples
2026-08-18 10:01:10,764 INFO o.a.j.r.p.AbstractSampleConsumer: class org.apache.jmeter.report.processor.RequestsSummaryConsumer#stopProducing(): requestsSummary produced 0 samples
2026-08-18 10:01:10,785 INFO o.a.j.r.p.AbstractSampleConsumer: class org.apache.jmeter.report.processor.StatisticsSummaryConsumer#stopProducing(): statisticsSummary produced 0 samples
2026-08-18 10:01:10,789 INFO o.a.j.r.p.AbstractSampleConsumer: class org.apache.jmeter.report.processor.Top5ErrorsBySamplerConsumer#stopProducing(): top5ErrorsBySampler produced 0 samples
2026-08-18 10:01:10,789 INFO o.a.j.r.p.AbstractSampleConsumer: class org.apache.jmeter.report.processor.ErrorsSummaryConsumer#stopProducing(): errorsSummary produced 0 samples
2026-08-18 10:01:10,789 INFO o.a.j.r.p.AbstractSampleConsumer: class org.apache.jmeter.report.processor.graph.impl.HitsPerSecondGraphConsumer#stopProducing(): hitsPerSecond produced 0 samples
2026-08-18 10:01:11,627 INFO o.a.j.r.p.AbstractSampleConsumer: class org.apache.jmeter.report.processor.graph.impl.LatencyVSRequestGraphConsumer#stopProducing(): latencyVsRequest produced 0 samples
2026-08-18 10:01:11,634 INFO o.a.j.r.p.AbstractSampleConsumer: class org.apache.jmeter.report.processor.graph.impl.SyntheticResponseTimeDistributionGraphConsumer#stopProducing(): syntheticResponseTimeDistribution produced 0 samples
2026-08-18 10:01:11,635 INFO o.a.j.r.p.AbstractSampleConsumer: class org.apache.jmeter.report.processor.graph.impl.BytesThroughputGraphConsumer#stopProducing(): bytesThroughputOverTime produced 0 samples
2026-08-18 10:01:11,635 INFO o.a.j.r.p.AbstractSampleConsumer: class org.apache.jmeter.report.processor.graph.impl.CodesPerSecondGraphConsumer#stopProducing(): codesPerSecond produced 0 samples
2026-08-18 10:01:12,907 INFO o.a.j.r.p.AbstractSampleConsumer: class org.apache.jmeter.report.processor.graph.impl.ResponseTimeVSRequestGraphConsumer#stopProducing(): responseTimeVsRequest produced 0 samples
2026-08-18 10:01:12,910 INFO o.a.j.r.p.AbstractSampleConsumer: class org.apache.jmeter.report.processor.FilterConsumer#stopProducing(): startIntervalControlerFilter produced 1971515 samples
2026-08-18 10:01:12,910 INFO o.a.j.r.p.AbstractSampleConsumer: class org.apache.jmeter.report.processor.graph.impl.TotalTPSGraphConsumer#stopProducing(): totalTPS produced 0 samples
2026-08-18 10:01:12,910 INFO o.a.j.r.p.AbstractSampleConsumer: class org.apache.jmeter.report.processor.graph.impl.ActiveThreadsGraphConsumer#stopProducing(): activeThreadsOverTime produced 0 samples
2026-08-18 10:01:12,911 INFO o.a.j.r.p.AbstractSampleConsumer: class org.apache.jmeter.report.processor.graph.impl.TimeVSThreadGraphConsumer#stopProducing(): timeVsThreads produced 0 samples
2026-08-18 10:01:12,911 INFO o.a.j.r.p.AbstractSampleConsumer: class org.apache.jmeter.report.processor.graph.impl.ResponseTimeDistributionGraphConsumer#stopProducing(): responseTimeDistribution produced 0 samples
2026-08-18 10:01:12,911 INFO o.a.j.r.p.AbstractSampleConsumer: class org.apache.jmeter.report.processor.graph.impl.TransactionsPerSecondGraphConsumer#stopProducing(): transactionsPerSecond produced 0 samples
2026-08-18 10:01:12,911 INFO o.a.j.r.p.AbstractSampleConsumer: class org.apache.jmeter.report.processor.graph.impl.ResponseTimePercentilesGraphConsumer#stopProducing(): responseTimePercentiles produced 0 samples
2026-08-18 10:01:12,912 INFO o.a.j.r.p.AbstractSampleConsumer: class org.apache.jmeter.report.processor.graph.impl.ResponseTimePercentilesOverTimeGraphConsumer#stopProducing(): responseTimePercentilesOverTime produced 0 samples
2026-08-18 10:01:12,919 INFO o.a.j.r.p.AbstractSampleConsumer: class org.apache.jmeter.report.processor.graph.impl.ResponseTimeOverTimeGraphConsumer#stopProducing(): responseTimesOverTime produced 0 samples
2026-08-18 10:01:12,919 INFO o.a.j.r.p.AbstractSampleConsumer: class org.apache.jmeter.report.processor.graph.impl.ConnectTimeOverTimeGraphConsumer#stopProducing(): connectTimeOverTime produced 0 samples
2026-08-18 10:01:12,919 INFO o.a.j.r.p.AbstractSampleConsumer: class org.apache.jmeter.report.processor.graph.impl.LatencyOverTimeGraphConsumer#stopProducing(): latenciesOverTime produced 0 samples
2026-08-18 10:01:12,919 INFO o.a.j.r.p.AbstractSampleConsumer: class org.apache.jmeter.report.processor.FilterConsumer#stopProducing(): nameFilter produced 4224675 samples
2026-08-18 10:01:12,919 INFO o.a.j.r.p.AbstractSampleConsumer: class org.apache.jmeter.report.processor.FilterConsumer#stopProducing(): dateRangeFilter produced 844935 samples
2026-08-18 10:01:12,919 INFO o.a.j.r.p.AbstractSampleConsumer: class org.apache.jmeter.report.processor.NormalizerSampleConsumer#stopProducing(): normalizer produced 281645 samples
2026-08-18 10:01:12,920 INFO o.a.j.r.p.CsvFileSampleSource: produce(): 281645 samples produced in 6s 597 ms on channel 0
2026-08-18 10:01:12,920 INFO o.a.j.r.d.ReportGenerator: Exporting data using exporter:'json' of className:'org.apache.jmeter.report.dashboard.JsonExporter'
2026-08-18 10:01:13,125 INFO o.a.j.r.d.JsonExporter: Found data for consumer statisticsSummary in context
2026-08-18 10:01:13,126 INFO o.a.j.r.d.JsonExporter: Creating statistics for overall
2026-08-18 10:01:13,126 INFO o.a.j.r.d.JsonExporter: Creating statistics for other transactions
2026-08-18 10:01:13,126 INFO o.a.j.r.d.JsonExporter: Checking output folder
2026-08-18 10:01:13,127 INFO o.a.j.r.d.JsonExporter: Writing statistics JSON to C:\Users\nguye\Documents\GitHub\Homework05-23127116\html-reports\endurance\statistics.json
2026-08-18 10:01:13,171 INFO o.a.j.r.d.ReportGenerator: Exporting data using exporter:'html' of className:'org.apache.jmeter.report.dashboard.HtmlTemplateExporter'
2026-08-18 10:01:13,174 INFO o.a.j.r.d.HtmlTemplateExporter: Will generate dashboard in folder: C:\Users\nguye\Documents\GitHub\Homework05-23127116\html-reports\endurance
2026-08-18 10:01:13,295 INFO o.a.j.r.d.HtmlTemplateExporter: Report will be generated in: C:\Users\nguye\Documents\GitHub\Homework05-23127116\html-reports\endurance, creating folder structure
2026-08-18 10:01:13,299 INFO o.a.j.r.d.TemplateVisitor: Copying folder from 'C:\Users\nguye\Documents\GitHub\HW05-23127116\.tools\apache-jmeter-5.6.3\bin\report-template' to 'C:\Users\nguye\Documents\GitHub\Homework05-23127116\html-reports\endurance', got message: C:\Users\nguye\Documents\GitHub\Homework05-23127116\html-reports\endurance, found non empty folder with following content [C:\Users\nguye\Documents\GitHub\Homework05-23127116\html-reports\endurance\statistics.json], will be ignored
2026-08-18 10:01:13,682 INFO o.a.j.JMeter: Dashboard generated
