2026-08-18 09:39:46,053 INFO o.a.j.u.JMeterUtils: Setting Locale to en_EN
2026-08-18 09:39:46,079 INFO o.a.j.JMeter: Loading user properties from: C:\Users\nguye\Documents\GitHub\HW05-23127116\.tools\apache-jmeter-5.6.3\bin\user.properties
2026-08-18 09:39:46,080 INFO o.a.j.JMeter: Loading system properties from: C:\Users\nguye\Documents\GitHub\HW05-23127116\.tools\apache-jmeter-5.6.3\bin\system.properties
2026-08-18 09:39:46,081 INFO o.a.j.JMeter: Setting JMeter property: host=localhost
2026-08-18 09:39:46,081 INFO o.a.j.JMeter: Setting JMeter property: port=3000
2026-08-18 09:39:46,081 INFO o.a.j.JMeter: Setting JMeter property: data_dir=data
2026-08-18 09:39:46,083 INFO o.a.j.JMeter: Setting JMeter property: load_threads=20
2026-08-18 09:39:46,083 INFO o.a.j.JMeter: Setting JMeter property: load_ramp=30
2026-08-18 09:39:46,083 INFO o.a.j.JMeter: Setting JMeter property: load_duration=120
2026-08-18 09:39:46,083 INFO o.a.j.JMeter: Setting JMeter property: load_think_min_ms=1000
2026-08-18 09:39:46,083 INFO o.a.j.JMeter: Setting JMeter property: load_think_range_ms=2000
2026-08-18 09:39:46,093 INFO o.a.j.JMeter: Copyright (c) 1998-2024 The Apache Software Foundation
2026-08-18 09:39:46,094 INFO o.a.j.JMeter: Version 5.6.3
2026-08-18 09:39:46,094 INFO o.a.j.JMeter: java.version=17.0.19
2026-08-18 09:39:46,094 INFO o.a.j.JMeter: java.vm.name=OpenJDK 64-Bit Server VM
2026-08-18 09:39:46,094 INFO o.a.j.JMeter: os.name=Windows 11
2026-08-18 09:39:46,094 INFO o.a.j.JMeter: os.arch=amd64
2026-08-18 09:39:46,094 INFO o.a.j.JMeter: os.version=10.0
2026-08-18 09:39:46,094 INFO o.a.j.JMeter: file.encoding=Cp1258
2026-08-18 09:39:46,094 INFO o.a.j.JMeter: java.awt.headless=true
2026-08-18 09:39:46,094 INFO o.a.j.JMeter: Max memory     =1073741824
2026-08-18 09:39:46,094 INFO o.a.j.JMeter: Available Processors =12
2026-08-18 09:39:46,109 INFO o.a.j.JMeter: Default Locale=English (EN)
2026-08-18 09:39:46,109 INFO o.a.j.JMeter: JMeter  Locale=English (EN)
2026-08-18 09:39:46,109 INFO o.a.j.JMeter: JMeterHome=C:\Users\nguye\Documents\GitHub\HW05-23127116\.tools\apache-jmeter-5.6.3
2026-08-18 09:39:46,110 INFO o.a.j.JMeter: user.dir  =C:\Users\nguye\Documents\GitHub\Homework05-23127116
2026-08-18 09:39:46,110 INFO o.a.j.JMeter: PWD       =C:\Users\nguye\Documents\GitHub\Homework05-23127116
2026-08-18 09:39:46,112 INFO o.a.j.JMeter: IP: 172.30.48.1 Name: LAPTOP-BKI58MTI FullName: LAPTOP-BKI58MTI.mshome.net
2026-08-18 09:39:46,134 INFO o.a.j.JMeter: Setting property 'jmeter.reportgenerator.outputdir' to:'C:\Users\nguye\Documents\GitHub\Homework05-23127116\html-reports\load'
2026-08-18 09:39:46,138 INFO o.a.j.s.FileServer: Default base='C:\Users\nguye\Documents\GitHub\Homework05-23127116'
2026-08-18 09:39:46,141 INFO o.a.j.s.FileServer: Set new base='C:\Users\nguye\Documents\GitHub\Homework05-23127116\test-plans'
2026-08-18 09:39:46,399 INFO o.a.j.s.SaveService: Testplan (JMX) version: 2.2. Testlog (JTL) version: 2.2
2026-08-18 09:39:46,440 INFO o.a.j.s.SaveService: Using SaveService properties version 5.0
2026-08-18 09:39:46,448 INFO o.a.j.s.SaveService: Using SaveService properties file encoding UTF-8
2026-08-18 09:39:46,455 INFO o.a.j.s.SaveService: Loading file: C:\Users\nguye\Documents\GitHub\Homework05-23127116\test-plans\23127116_Load_20260818.jmx
2026-08-18 09:39:46,554 INFO o.a.j.p.h.s.HTTPSamplerBase: Parser for text/html is org.apache.jmeter.protocol.http.parser.LagartoBasedHtmlParser
2026-08-18 09:39:46,555 INFO o.a.j.p.h.s.HTTPSamplerBase: Parser for application/xhtml+xml is org.apache.jmeter.protocol.http.parser.LagartoBasedHtmlParser
2026-08-18 09:39:46,555 INFO o.a.j.p.h.s.HTTPSamplerBase: Parser for application/xml is org.apache.jmeter.protocol.http.parser.LagartoBasedHtmlParser
2026-08-18 09:39:46,555 INFO o.a.j.p.h.s.HTTPSamplerBase: Parser for text/xml is org.apache.jmeter.protocol.http.parser.LagartoBasedHtmlParser
2026-08-18 09:39:46,555 INFO o.a.j.p.h.s.HTTPSamplerBase: Parser for text/vnd.wap.wml is org.apache.jmeter.protocol.http.parser.RegexpHTMLParser
2026-08-18 09:39:46,555 INFO o.a.j.p.h.s.HTTPSamplerBase: Parser for text/css is org.apache.jmeter.protocol.http.parser.CssParser
2026-08-18 09:39:46,579 INFO o.a.j.JMeter: Creating summariser <summary>
2026-08-18 09:39:46,584 INFO o.a.j.r.d.ReportGenerator: ReportGenerator will use for Parsing the separator: ','
2026-08-18 09:39:46,584 INFO o.a.j.r.d.ReportGenerator: Will generate report at end of test from  results file: C:\Users\nguye\Documents\GitHub\Homework05-23127116\results\23127116_Load_20260818.jtl
2026-08-18 09:39:46,584 INFO o.a.j.r.d.ReportGenerator: Reading report generator properties from: C:\Users\nguye\Documents\GitHub\HW05-23127116\.tools\apache-jmeter-5.6.3\bin\reportgenerator.properties
2026-08-18 09:39:46,599 INFO o.a.j.r.d.ReportGenerator: Merging with JMeter properties
2026-08-18 09:39:46,603 INFO o.a.j.r.c.ReportGeneratorConfiguration: Property 'jmeter.reportgenerator.temp_dir' not found, using default value 'temp' instead.
2026-08-18 09:39:46,606 INFO o.a.j.r.c.ReportGeneratorConfiguration: Property 'jmeter.reportgenerator.apdex_per_transaction' not found, using default value 'null' instead.
2026-08-18 09:39:46,606 INFO o.a.j.r.c.ReportGeneratorConfiguration: apdex_per_transaction is empty, not APDEX per transaction customization
2026-08-18 09:39:46,606 INFO o.a.j.r.c.ReportGeneratorConfiguration: Property 'jmeter.reportgenerator.sample_filter' not found, using default value 'null' instead.
2026-08-18 09:39:46,606 INFO o.a.j.r.c.ReportGeneratorConfiguration: Property 'jmeter.reportgenerator.report_title' not found, using default value 'null' instead.
2026-08-18 09:39:46,606 INFO o.a.j.r.c.ReportGeneratorConfiguration: Property 'jmeter.reportgenerator.start_date' not found, using default value 'null' instead.
2026-08-18 09:39:46,606 INFO o.a.j.r.c.ReportGeneratorConfiguration: Property 'jmeter.reportgenerator.end_date' not found, using default value 'null' instead.
2026-08-18 09:39:46,607 INFO o.a.j.r.c.ReportGeneratorConfiguration: Property 'jmeter.reportgenerator.date_format' not found, using default value 'null' instead.
2026-08-18 09:39:46,607 INFO o.a.j.r.c.ReportGeneratorConfiguration: Will use date range start date: null, end date: null
2026-08-18 09:39:46,612 INFO o.a.j.r.c.ReportGeneratorConfiguration: Property 'jmeter.reportgenerator.graph.totalTPS.exclude_controllers' not found, using default value 'false' instead.
2026-08-18 09:39:46,612 INFO o.a.j.r.c.ReportGeneratorConfiguration: Property 'jmeter.reportgenerator.graph.activeThreadsOverTime.exclude_controllers' not found, using default value 'false' instead.
2026-08-18 09:39:46,612 INFO o.a.j.r.c.ReportGeneratorConfiguration: Property 'jmeter.reportgenerator.graph.timeVsThreads.exclude_controllers' not found, using default value 'false' instead.
2026-08-18 09:39:46,612 INFO o.a.j.r.c.ReportGeneratorConfiguration: Property 'jmeter.reportgenerator.graph.responseTimeDistribution.exclude_controllers' not found, using default value 'false' instead.
2026-08-18 09:39:46,612 INFO o.a.j.r.c.ReportGeneratorConfiguration: Property 'jmeter.reportgenerator.graph.transactionsPerSecond.exclude_controllers' not found, using default value 'false' instead.
2026-08-18 09:39:46,613 INFO o.a.j.r.c.ReportGeneratorConfiguration: Property 'jmeter.reportgenerator.graph.responseTimePercentiles.exclude_controllers' not found, using default value 'false' instead.
2026-08-18 09:39:46,613 INFO o.a.j.r.c.ReportGeneratorConfiguration: Property 'jmeter.reportgenerator.graph.responseTimePercentilesOverTime.exclude_controllers' not found, using default value 'false' instead.
2026-08-18 09:39:46,613 INFO o.a.j.r.c.ReportGeneratorConfiguration: Property 'jmeter.reportgenerator.graph.responseTimesOverTime.exclude_controllers' not found, using default value 'false' instead.
2026-08-18 09:39:46,613 INFO o.a.j.r.c.ReportGeneratorConfiguration: Property 'jmeter.reportgenerator.graph.connectTimeOverTime.exclude_controllers' not found, using default value 'false' instead.
2026-08-18 09:39:46,613 INFO o.a.j.r.c.ReportGeneratorConfiguration: Property 'jmeter.reportgenerator.graph.latenciesOverTime.exclude_controllers' not found, using default value 'false' instead.
2026-08-18 09:39:46,614 INFO o.a.j.r.c.ReportGeneratorConfiguration: Property 'jmeter.reportgenerator.exporter.json.filters_only_sample_series' not found, using default value 'true' instead.
2026-08-18 09:39:46,614 INFO o.a.j.r.c.ReportGeneratorConfiguration: Property 'jmeter.reportgenerator.exporter.json.series_filter' not found, using default value '' instead.
2026-08-18 09:39:46,614 INFO o.a.j.r.c.ReportGeneratorConfiguration: Property 'jmeter.reportgenerator.exporter.json.show_controllers_only' not found, using default value 'false' instead.
2026-08-18 09:39:46,614 INFO o.a.j.r.c.ReportGeneratorConfiguration: Property 'jmeter.reportgenerator.exporter.html.filters_only_sample_series' not found, using default value 'true' instead.
2026-08-18 09:39:46,614 INFO o.a.j.r.c.ReportGeneratorConfiguration: Property 'jmeter.reportgenerator.exporter.html.series_filter' not found, using default value '' instead.
2026-08-18 09:39:46,614 INFO o.a.j.r.c.ReportGeneratorConfiguration: Property 'jmeter.reportgenerator.exporter.html.show_controllers_only' not found, using default value 'false' instead.
2026-08-18 09:39:46,626 INFO o.a.j.e.StandardJMeterEngine: Running the test!
2026-08-18 09:39:46,627 INFO o.a.j.s.SampleEvent: List of sample_variables: []
2026-08-18 09:39:46,628 INFO o.a.j.s.SampleEvent: List of sample_variables: []
2026-08-18 09:39:46,633 INFO o.a.j.e.u.CompoundVariable: Note: Function class names must contain the string: '.functions.'
2026-08-18 09:39:46,633 INFO o.a.j.e.u.CompoundVariable: Note: Function class names must not contain the string: '.gui.'
2026-08-18 09:39:46,720 INFO o.a.j.JMeter: Running test (1787020786719)
2026-08-18 09:39:46,741 INFO o.a.j.e.StandardJMeterEngine: Starting ThreadGroup: 1 : Load - Product search
2026-08-18 09:39:46,742 INFO o.a.j.e.StandardJMeterEngine: Starting 20 threads for group Load - Product search.
2026-08-18 09:39:46,742 INFO o.a.j.e.StandardJMeterEngine: Thread will continue on error
2026-08-18 09:39:46,742 INFO o.a.j.t.ThreadGroup: Starting thread group... number=1 threads=20 ramp-up=30 delayedStart=false
2026-08-18 09:39:46,757 INFO o.a.j.t.ThreadGroup: Started thread group number 1
2026-08-18 09:39:46,757 INFO o.a.j.e.StandardJMeterEngine: All thread groups have been started
2026-08-18 09:39:46,796 INFO o.a.j.t.JMeterThread: Thread started: Load - Product search 1-1
2026-08-18 09:39:46,798 INFO o.a.j.s.FileServer: Stored: data/products.csv
2026-08-18 09:39:48,292 INFO o.a.j.t.JMeterThread: Thread started: Load - Product search 1-2
2026-08-18 09:39:49,279 INFO o.a.j.p.h.s.HTTPHCAbstractImpl: Local host = LAPTOP-BKI58MTI
2026-08-18 09:39:49,285 INFO o.a.j.p.h.s.HTTPHC4Impl: HTTP request retry count = 0
2026-08-18 09:39:49,285 INFO o.a.j.s.SampleResult: Note: Sample TimeStamps are START times
2026-08-18 09:39:49,285 INFO o.a.j.s.SampleResult: sampleresult.default.encoding is set to UTF-8
2026-08-18 09:39:49,285 INFO o.a.j.s.SampleResult: sampleresult.useNanoTime=true
2026-08-18 09:39:49,285 INFO o.a.j.s.SampleResult: sampleresult.nanoThreadSleep=5000
2026-08-18 09:39:49,792 INFO o.a.j.t.JMeterThread: Thread started: Load - Product search 1-3
2026-08-18 09:39:51,292 INFO o.a.j.t.JMeterThread: Thread started: Load - Product search 1-4
2026-08-18 09:39:52,791 INFO o.a.j.t.JMeterThread: Thread started: Load - Product search 1-5
2026-08-18 09:39:54,292 INFO o.a.j.t.JMeterThread: Thread started: Load - Product search 1-6
2026-08-18 09:39:55,794 INFO o.a.j.t.JMeterThread: Thread started: Load - Product search 1-7
2026-08-18 09:39:57,290 INFO o.a.j.t.JMeterThread: Thread started: Load - Product search 1-8
2026-08-18 09:39:58,788 INFO o.a.j.t.JMeterThread: Thread started: Load - Product search 1-9
2026-08-18 09:40:00,079 INFO o.a.j.r.Summariser: summary +     27 in 00:00:13 =    2.0/s Avg:     3 Min:     1 Max:    28 Err:     0 (0.00%) Active: 9 Started: 9 Finished: 0
2026-08-18 09:40:00,289 INFO o.a.j.t.JMeterThread: Thread started: Load - Product search 1-10
2026-08-18 09:40:01,789 INFO o.a.j.t.JMeterThread: Thread started: Load - Product search 1-11
2026-08-18 09:40:03,287 INFO o.a.j.t.JMeterThread: Thread started: Load - Product search 1-12
2026-08-18 09:40:04,787 INFO o.a.j.t.JMeterThread: Thread started: Load - Product search 1-13
2026-08-18 09:40:06,288 INFO o.a.j.t.JMeterThread: Thread started: Load - Product search 1-14
2026-08-18 09:40:07,784 INFO o.a.j.t.JMeterThread: Thread started: Load - Product search 1-15
2026-08-18 09:40:09,285 INFO o.a.j.t.JMeterThread: Thread started: Load - Product search 1-16
2026-08-18 09:40:10,783 INFO o.a.j.t.JMeterThread: Thread started: Load - Product search 1-17
2026-08-18 09:40:12,283 INFO o.a.j.t.JMeterThread: Thread started: Load - Product search 1-18
2026-08-18 09:40:13,785 INFO o.a.j.t.JMeterThread: Thread started: Load - Product search 1-19
2026-08-18 09:40:15,282 INFO o.a.j.t.JMeterThread: Thread started: Load - Product search 1-20
2026-08-18 09:40:30,106 INFO o.a.j.r.Summariser: summary +    262 in 00:00:30 =    8.7/s Avg:     1 Min:     1 Max:     4 Err:     0 (0.00%) Active: 20 Started: 20 Finished: 0
2026-08-18 09:40:30,106 INFO o.a.j.r.Summariser: summary =    289 in 00:00:43 =    6.7/s Avg:     1 Min:     1 Max:    28 Err:     0 (0.00%)
2026-08-18 09:41:00,023 INFO o.a.j.r.Summariser: summary +    296 in 00:00:30 =    9.9/s Avg:     1 Min:     1 Max:     4 Err:     0 (0.00%) Active: 20 Started: 20 Finished: 0
2026-08-18 09:41:00,024 INFO o.a.j.r.Summariser: summary =    585 in 00:01:13 =    8.0/s Avg:     1 Min:     1 Max:    28 Err:     0 (0.00%)
2026-08-18 09:41:30,082 INFO o.a.j.r.Summariser: summary +    301 in 00:00:30 =   10.0/s Avg:     1 Min:     0 Max:     5 Err:     0 (0.00%) Active: 20 Started: 20 Finished: 0
2026-08-18 09:41:30,083 INFO o.a.j.r.Summariser: summary =    886 in 00:01:43 =    8.6/s Avg:     1 Min:     0 Max:    28 Err:     0 (0.00%)
2026-08-18 09:41:44,097 INFO o.a.j.t.JMeterThread: Thread finished: Load - Product search 1-16
2026-08-18 09:41:44,742 INFO o.a.j.t.JMeterThread: Thread finished: Load - Product search 1-20
2026-08-18 09:41:44,836 INFO o.a.j.t.JMeterThread: Thread finished: Load - Product search 1-9
2026-08-18 09:41:44,851 INFO o.a.j.t.JMeterThread: Thread finished: Load - Product search 1-1
2026-08-18 09:41:44,952 INFO o.a.j.t.JMeterThread: Thread finished: Load - Product search 1-15
2026-08-18 09:41:44,964 INFO o.a.j.t.JMeterThread: Thread finished: Load - Product search 1-19
2026-08-18 09:41:45,003 INFO o.a.j.t.JMeterThread: Thread finished: Load - Product search 1-5
2026-08-18 09:41:45,103 INFO o.a.j.t.JMeterThread: Thread finished: Load - Product search 1-6
2026-08-18 09:41:45,300 INFO o.a.j.t.JMeterThread: Thread finished: Load - Product search 1-12
2026-08-18 09:41:45,304 INFO o.a.j.t.JMeterThread: Thread finished: Load - Product search 1-17
2026-08-18 09:41:45,315 INFO o.a.j.t.JMeterThread: Thread finished: Load - Product search 1-14
2026-08-18 09:41:45,374 INFO o.a.j.t.JMeterThread: Thread finished: Load - Product search 1-13
2026-08-18 09:41:45,440 INFO o.a.j.t.JMeterThread: Thread finished: Load - Product search 1-2
2026-08-18 09:41:45,449 INFO o.a.j.t.JMeterThread: Thread finished: Load - Product search 1-10
2026-08-18 09:41:45,581 INFO o.a.j.t.JMeterThread: Thread finished: Load - Product search 1-3
2026-08-18 09:41:45,807 INFO o.a.j.t.JMeterThread: Thread finished: Load - Product search 1-11
2026-08-18 09:41:46,275 INFO o.a.j.t.JMeterThread: Thread finished: Load - Product search 1-8
2026-08-18 09:41:46,302 INFO o.a.j.t.JMeterThread: Thread finished: Load - Product search 1-4
2026-08-18 09:41:46,502 INFO o.a.j.t.JMeterThread: Thread finished: Load - Product search 1-7
2026-08-18 09:41:46,563 INFO o.a.j.t.JMeterThread: Thread finished: Load - Product search 1-18
2026-08-18 09:41:46,564 INFO o.a.j.e.StandardJMeterEngine: Notifying test listeners of end of test
2026-08-18 09:41:46,564 INFO o.a.j.s.FileServer: Close: data/products.csv
2026-08-18 09:41:46,564 INFO o.a.j.r.Summariser: summary +    159 in 00:00:16 =    9.6/s Avg:     1 Min:     0 Max:     3 Err:     0 (0.00%) Active: 0 Started: 20 Finished: 20
2026-08-18 09:41:46,565 INFO o.a.j.r.Summariser: summary =   1045 in 00:02:00 =    8.7/s Avg:     1 Min:     0 Max:    28 Err:     0 (0.00%)
2026-08-18 09:41:46,565 INFO o.a.j.JMeter: Generating Dashboard
2026-08-18 09:41:46,565 INFO o.a.j.r.d.ReportGenerator: Flushing result collector before report Generation
2026-08-18 09:41:46,590 INFO o.a.j.r.p.NormalizerSampleConsumer: Using format, 'ms', to parse timeStamp field
2026-08-18 09:41:46,749 INFO o.a.j.r.p.AbstractSampleConsumer: class org.apache.jmeter.report.processor.AggregateConsumer#stopProducing(): beginDate produced 0 samples
2026-08-18 09:41:46,749 INFO o.a.j.r.p.AbstractSampleConsumer: class org.apache.jmeter.report.processor.AggregateConsumer#stopProducing(): endDate produced 0 samples
2026-08-18 09:41:46,751 INFO o.a.j.r.p.AbstractSampleConsumer: class org.apache.jmeter.report.processor.ApdexSummaryConsumer#stopProducing(): apdexSummary produced 0 samples
2026-08-18 09:41:46,751 INFO o.a.j.r.p.AbstractSampleConsumer: class org.apache.jmeter.report.processor.RequestsSummaryConsumer#stopProducing(): requestsSummary produced 0 samples
2026-08-18 09:41:46,756 INFO o.a.j.r.p.AbstractSampleConsumer: class org.apache.jmeter.report.processor.StatisticsSummaryConsumer#stopProducing(): statisticsSummary produced 0 samples
2026-08-18 09:41:46,758 INFO o.a.j.r.p.AbstractSampleConsumer: class org.apache.jmeter.report.processor.Top5ErrorsBySamplerConsumer#stopProducing(): top5ErrorsBySampler produced 0 samples
2026-08-18 09:41:46,758 INFO o.a.j.r.p.AbstractSampleConsumer: class org.apache.jmeter.report.processor.ErrorsSummaryConsumer#stopProducing(): errorsSummary produced 0 samples
2026-08-18 09:41:46,759 INFO o.a.j.r.p.AbstractSampleConsumer: class org.apache.jmeter.report.processor.graph.impl.HitsPerSecondGraphConsumer#stopProducing(): hitsPerSecond produced 0 samples
2026-08-18 09:41:46,811 INFO o.a.j.r.p.AbstractSampleConsumer: class org.apache.jmeter.report.processor.graph.impl.LatencyVSRequestGraphConsumer#stopProducing(): latencyVsRequest produced 0 samples
2026-08-18 09:41:46,811 INFO o.a.j.r.p.AbstractSampleConsumer: class org.apache.jmeter.report.processor.graph.impl.SyntheticResponseTimeDistributionGraphConsumer#stopProducing(): syntheticResponseTimeDistribution produced 0 samples
2026-08-18 09:41:46,812 INFO o.a.j.r.p.AbstractSampleConsumer: class org.apache.jmeter.report.processor.graph.impl.BytesThroughputGraphConsumer#stopProducing(): bytesThroughputOverTime produced 0 samples
2026-08-18 09:41:46,813 INFO o.a.j.r.p.AbstractSampleConsumer: class org.apache.jmeter.report.processor.graph.impl.CodesPerSecondGraphConsumer#stopProducing(): codesPerSecond produced 0 samples
2026-08-18 09:41:46,843 INFO o.a.j.r.p.AbstractSampleConsumer: class org.apache.jmeter.report.processor.graph.impl.ResponseTimeVSRequestGraphConsumer#stopProducing(): responseTimeVsRequest produced 0 samples
2026-08-18 09:41:46,844 INFO o.a.j.r.p.AbstractSampleConsumer: class org.apache.jmeter.report.processor.FilterConsumer#stopProducing(): startIntervalControlerFilter produced 7315 samples
2026-08-18 09:41:46,844 INFO o.a.j.r.p.AbstractSampleConsumer: class org.apache.jmeter.report.processor.graph.impl.TotalTPSGraphConsumer#stopProducing(): totalTPS produced 0 samples
2026-08-18 09:41:46,844 INFO o.a.j.r.p.AbstractSampleConsumer: class org.apache.jmeter.report.processor.graph.impl.ActiveThreadsGraphConsumer#stopProducing(): activeThreadsOverTime produced 0 samples
2026-08-18 09:41:46,844 INFO o.a.j.r.p.AbstractSampleConsumer: class org.apache.jmeter.report.processor.graph.impl.TimeVSThreadGraphConsumer#stopProducing(): timeVsThreads produced 0 samples
2026-08-18 09:41:46,844 INFO o.a.j.r.p.AbstractSampleConsumer: class org.apache.jmeter.report.processor.graph.impl.ResponseTimeDistributionGraphConsumer#stopProducing(): responseTimeDistribution produced 0 samples
2026-08-18 09:41:46,845 INFO o.a.j.r.p.AbstractSampleConsumer: class org.apache.jmeter.report.processor.graph.impl.TransactionsPerSecondGraphConsumer#stopProducing(): transactionsPerSecond produced 0 samples
2026-08-18 09:41:46,845 INFO o.a.j.r.p.AbstractSampleConsumer: class org.apache.jmeter.report.processor.graph.impl.ResponseTimePercentilesGraphConsumer#stopProducing(): responseTimePercentiles produced 0 samples
2026-08-18 09:41:46,845 INFO o.a.j.r.p.AbstractSampleConsumer: class org.apache.jmeter.report.processor.graph.impl.ResponseTimePercentilesOverTimeGraphConsumer#stopProducing(): responseTimePercentilesOverTime produced 0 samples
2026-08-18 09:41:46,845 INFO o.a.j.r.p.AbstractSampleConsumer: class org.apache.jmeter.report.processor.graph.impl.ResponseTimeOverTimeGraphConsumer#stopProducing(): responseTimesOverTime produced 0 samples
2026-08-18 09:41:46,845 INFO o.a.j.r.p.AbstractSampleConsumer: class org.apache.jmeter.report.processor.graph.impl.ConnectTimeOverTimeGraphConsumer#stopProducing(): connectTimeOverTime produced 0 samples
2026-08-18 09:41:46,846 INFO o.a.j.r.p.AbstractSampleConsumer: class org.apache.jmeter.report.processor.graph.impl.LatencyOverTimeGraphConsumer#stopProducing(): latenciesOverTime produced 0 samples
2026-08-18 09:41:46,846 INFO o.a.j.r.p.AbstractSampleConsumer: class org.apache.jmeter.report.processor.FilterConsumer#stopProducing(): nameFilter produced 15675 samples
2026-08-18 09:41:46,846 INFO o.a.j.r.p.AbstractSampleConsumer: class org.apache.jmeter.report.processor.FilterConsumer#stopProducing(): dateRangeFilter produced 3135 samples
2026-08-18 09:41:46,846 INFO o.a.j.r.p.AbstractSampleConsumer: class org.apache.jmeter.report.processor.NormalizerSampleConsumer#stopProducing(): normalizer produced 1045 samples
2026-08-18 09:41:46,846 INFO o.a.j.r.p.CsvFileSampleSource: produce(): 1045 samples produced in 236ms on channel 0
2026-08-18 09:41:46,846 INFO o.a.j.r.d.ReportGenerator: Exporting data using exporter:'json' of className:'org.apache.jmeter.report.dashboard.JsonExporter'
2026-08-18 09:41:46,971 INFO o.a.j.r.d.JsonExporter: Found data for consumer statisticsSummary in context
2026-08-18 09:41:46,971 INFO o.a.j.r.d.JsonExporter: Creating statistics for overall
2026-08-18 09:41:46,972 INFO o.a.j.r.d.JsonExporter: Creating statistics for other transactions
2026-08-18 09:41:46,972 INFO o.a.j.r.d.JsonExporter: Checking output folder
2026-08-18 09:41:46,973 INFO o.a.j.r.d.JsonExporter: Writing statistics JSON to C:\Users\nguye\Documents\GitHub\Homework05-23127116\html-reports\load\statistics.json
2026-08-18 09:41:47,009 INFO o.a.j.r.d.ReportGenerator: Exporting data using exporter:'html' of className:'org.apache.jmeter.report.dashboard.HtmlTemplateExporter'
2026-08-18 09:41:47,012 INFO o.a.j.r.d.HtmlTemplateExporter: Will generate dashboard in folder: C:\Users\nguye\Documents\GitHub\Homework05-23127116\html-reports\load
2026-08-18 09:41:47,105 INFO o.a.j.r.d.HtmlTemplateExporter: Report will be generated in: C:\Users\nguye\Documents\GitHub\Homework05-23127116\html-reports\load, creating folder structure
2026-08-18 09:41:47,107 INFO o.a.j.r.d.TemplateVisitor: Copying folder from 'C:\Users\nguye\Documents\GitHub\HW05-23127116\.tools\apache-jmeter-5.6.3\bin\report-template' to 'C:\Users\nguye\Documents\GitHub\Homework05-23127116\html-reports\load', got message: C:\Users\nguye\Documents\GitHub\Homework05-23127116\html-reports\load, found non empty folder with following content [C:\Users\nguye\Documents\GitHub\Homework05-23127116\html-reports\load\statistics.json], will be ignored
2026-08-18 09:41:47,567 INFO o.a.j.JMeter: Dashboard generated
